
> api@1.0.0 test
> httpyac --all --timeout 10000 --verbose *.http

current environment variables { '$global': {}, '$getOAuth2Response': [AsyncFunction: mt] }

---------------------

=== Seed: follower count for Anna ===

--------------------- /Users/carla/Documents/Partyhub/api/follow.http  --
init request
replace variables in request
perform Http Request (http://localhost:8080/api/users/1/followers/count)
requestClient http://localhost:8080/api/users/1/followers/count connect
request {
  decompress: true,
  retry: 0,
  throwHttpErrors: false,
  allowGetBody: true,
  timeout: 10000,
  https: undefined,
  method: 'GET',
  headers: { Accept: '*/*', 'User-Agent': 'httpyac' },
  body: undefined,
  cookieJar: CookieJar {
    rejectPublicSuffixes: true,
    enableLooseMode: false,
    allowSpecialUseDomain: true,
    prefixSecurity: 'silent',
    store: MemoryCookieStore {
      synchronous: true,
      idx: [Object: null prototype] {}
    }
  },
  hooks: {
    beforeRedirect: [ [AsyncFunction (anonymous)] ],
    beforeRequest: [ [Function (anonymous)] ]
  }
}
event uploadProgress for HTTP {"percent":0,"transferred":0}
requestClient http://localhost:8080/api/users/1/followers/count disconnect

---------------------

GET {{baseUrl}}/1/followers/count
✖ Test failed (    at ClientRequest.<anonymous> (/Users/carla/Documents/Partyhub/api/node_modules/got/dist/source/core/index.js:970: 111) - Object.onceWrapper (node:events:631:12)
RequestError
    at ClientRequest.<anonymous> (/Users/carla/Documents/Partyhub/api/node_modules/got/dist/source/core/index.js:970:111)
    at Object.onceWrapper (node:events:631:12)
✖ Test failed (    at ClientRequest.<anonymous> (/Users/carla/Documents/Partyhub/api/node_modules/got/dist/source/core/index.js:970: 111) - Object.onceWrapper (node:events:631:12)
RequestError
    at ClientRequest.<anonymous> (/Users/carla/Documents/Partyhub/api/node_modules/got/dist/source/core/index.js:970:111)
    at Object.onceWrapper (node:events:631:12)
{
  url: 'http://localhost:8080/api/users/1/followers/count',
  protocol: 'HTTP',
  method: 'GET',
  headers: { Accept: '*/*', 'User-Agent': 'httpyac' },
  options: {
    cookieJar: CookieJar {
      rejectPublicSuffixes: true,
      enableLooseMode: false,
      allowSpecialUseDomain: true,
      prefixSecurity: 'silent',
      store: [MemoryCookieStore]
    },
    hooks: { beforeRedirect: [Array], beforeRequest: [Array] }
  },
  proxy: undefined
}

---------------------

=== Seed: following count for Anna ===

init request
replace variables in request
perform Http Request (http://localhost:8080/api/users/1/following/count)
requestClient http://localhost:8080/api/users/1/following/count connect
request {
  decompress: true,
  retry: 0,
  throwHttpErrors: false,
  allowGetBody: true,
  timeout: 10000,
  https: undefined,
  method: 'GET',
  headers: { Accept: '*/*', 'User-Agent': 'httpyac' },
  body: undefined,
  cookieJar: CookieJar {
    rejectPublicSuffixes: true,
    enableLooseMode: false,
    allowSpecialUseDomain: true,
    prefixSecurity: 'silent',
    store: MemoryCookieStore {
      synchronous: true,
      idx: [Object: null prototype] {}
    }
  },
  hooks: {
    beforeRedirect: [ [AsyncFunction (anonymous)] ],
    beforeRequest: [ [Function (anonymous)] ]
  }
}
event uploadProgress for HTTP {"percent":0,"transferred":0}
requestClient http://localhost:8080/api/users/1/following/count disconnect

---------------------

GET {{baseUrl}}/1/following/count
✖ Test failed (    at ClientRequest.<anonymous> (/Users/carla/Documents/Partyhub/api/node_modules/got/dist/source/core/index.js:970: 111) - Object.onceWrapper (node:events:631:12)
RequestError
    at ClientRequest.<anonymous> (/Users/carla/Documents/Partyhub/api/node_modules/got/dist/source/core/index.js:970:111)
    at Object.onceWrapper (node:events:631:12)
✖ Test failed (    at ClientRequest.<anonymous> (/Users/carla/Documents/Partyhub/api/node_modules/got/dist/source/core/index.js:970: 111) - Object.onceWrapper (node:events:631:12)
RequestError
    at ClientRequest.<anonymous> (/Users/carla/Documents/Partyhub/api/node_modules/got/dist/source/core/index.js:970:111)
    at Object.onceWrapper (node:events:631:12)
{
  url: 'http://localhost:8080/api/users/1/following/count',
  protocol: 'HTTP',
  method: 'GET',
  headers: { Accept: '*/*', 'User-Agent': 'httpyac' },
  options: {
    cookieJar: CookieJar {
      rejectPublicSuffixes: true,
      enableLooseMode: false,
      allowSpecialUseDomain: true,
      prefixSecurity: 'silent',
      store: [MemoryCookieStore]
    },
    hooks: { beforeRedirect: [Array], beforeRequest: [Array] }
  },
  proxy: undefined
}

---------------------

=== Seed: followers of Anna ===

init request
replace variables in request
perform Http Request (http://localhost:8080/api/users/1/followers)
requestClient http://localhost:8080/api/users/1/followers connect
request {
  decompress: true,
  retry: 0,
  throwHttpErrors: false,
  allowGetBody: true,
  timeout: 10000,
  https: undefined,
  method: 'GET',
  headers: { Accept: '*/*', 'User-Agent': 'httpyac' },
  body: undefined,
  cookieJar: CookieJar {
    rejectPublicSuffixes: true,
    enableLooseMode: false,
    allowSpecialUseDomain: true,
    prefixSecurity: 'silent',
    store: MemoryCookieStore {
      synchronous: true,
      idx: [Object: null prototype] {}
    }
  },
  hooks: {
    beforeRedirect: [ [AsyncFunction (anonymous)] ],
    beforeRequest: [ [Function (anonymous)] ]
  }
}
event uploadProgress for HTTP {"percent":0,"transferred":0}
requestClient http://localhost:8080/api/users/1/followers disconnect

---------------------

GET {{baseUrl}}/1/followers
✖ Test failed (    at ClientRequest.<anonymous> (/Users/carla/Documents/Partyhub/api/node_modules/got/dist/source/core/index.js:970: 111) - Object.onceWrapper (node:events:631:12)
RequestError
    at ClientRequest.<anonymous> (/Users/carla/Documents/Partyhub/api/node_modules/got/dist/source/core/index.js:970:111)
    at Object.onceWrapper (node:events:631:12)
✖ Test failed (    at ClientRequest.<anonymous> (/Users/carla/Documents/Partyhub/api/node_modules/got/dist/source/core/index.js:970: 111) - Object.onceWrapper (node:events:631:12)
RequestError
    at ClientRequest.<anonymous> (/Users/carla/Documents/Partyhub/api/node_modules/got/dist/source/core/index.js:970:111)
    at Object.onceWrapper (node:events:631:12)
{
  url: 'http://localhost:8080/api/users/1/followers',
  protocol: 'HTTP',
  method: 'GET',
  headers: { Accept: '*/*', 'User-Agent': 'httpyac' },
  options: {
    cookieJar: CookieJar {
      rejectPublicSuffixes: true,
      enableLooseMode: false,
      allowSpecialUseDomain: true,
      prefixSecurity: 'silent',
      store: [MemoryCookieStore]
    },
    hooks: { beforeRedirect: [Array], beforeRequest: [Array] }
  },
  proxy: undefined
}

---------------------

=== Seed: Anna follows Michael and Katrin ===

init request
replace variables in request
perform Http Request (http://localhost:8080/api/users/1/following)
requestClient http://localhost:8080/api/users/1/following connect
request {
  decompress: true,
  retry: 0,
  throwHttpErrors: false,
  allowGetBody: true,
  timeout: 10000,
  https: undefined,
  method: 'GET',
  headers: { Accept: '*/*', 'User-Agent': 'httpyac' },
  body: undefined,
  cookieJar: CookieJar {
    rejectPublicSuffixes: true,
    enableLooseMode: false,
    allowSpecialUseDomain: true,
    prefixSecurity: 'silent',
    store: MemoryCookieStore {
      synchronous: true,
      idx: [Object: null prototype] {}
    }
  },
  hooks: {
    beforeRedirect: [ [AsyncFunction (anonymous)] ],
    beforeRequest: [ [Function (anonymous)] ]
  }
}
event uploadProgress for HTTP {"percent":0,"transferred":0}
requestClient http://localhost:8080/api/users/1/following disconnect

---------------------

GET {{baseUrl}}/1/following
✖ Test failed (    at ClientRequest.<anonymous> (/Users/carla/Documents/Partyhub/api/node_modules/got/dist/source/core/index.js:970: 111) - Object.onceWrapper (node:events:631:12)
RequestError
    at ClientRequest.<anonymous> (/Users/carla/Documents/Partyhub/api/node_modules/got/dist/source/core/index.js:970:111)
    at Object.onceWrapper (node:events:631:12)
✖ Test failed (    at ClientRequest.<anonymous> (/Users/carla/Documents/Partyhub/api/node_modules/got/dist/source/core/index.js:970: 111) - Object.onceWrapper (node:events:631:12)
RequestError
    at ClientRequest.<anonymous> (/Users/carla/Documents/Partyhub/api/node_modules/got/dist/source/core/index.js:970:111)
    at Object.onceWrapper (node:events:631:12)
{
  url: 'http://localhost:8080/api/users/1/following',
  protocol: 'HTTP',
  method: 'GET',
  headers: { Accept: '*/*', 'User-Agent': 'httpyac' },
  options: {
    cookieJar: CookieJar {
      rejectPublicSuffixes: true,
      enableLooseMode: false,
      allowSpecialUseDomain: true,
      prefixSecurity: 'silent',
      store: [MemoryCookieStore]
    },
    hooks: { beforeRedirect: [Array], beforeRequest: [Array] }
  },
  proxy: undefined
}

---------------------

=== Seed: Michael wants to follow Thomas ===

init request
replace variables in request
perform Http Request (http://localhost:8080/api/users/4/follow-requests)
requestClient http://localhost:8080/api/users/4/follow-requests connect
request {
  decompress: true,
  retry: 0,
  throwHttpErrors: false,
  allowGetBody: true,
  timeout: 10000,
  https: undefined,
  method: 'GET',
  headers: { Accept: '*/*', 'User-Agent': 'httpyac' },
  body: undefined,
  cookieJar: CookieJar {
    rejectPublicSuffixes: true,
    enableLooseMode: false,
    allowSpecialUseDomain: true,
    prefixSecurity: 'silent',
    store: MemoryCookieStore {
      synchronous: true,
      idx: [Object: null prototype] {}
    }
  },
  hooks: {
    beforeRedirect: [ [AsyncFunction (anonymous)] ],
    beforeRequest: [ [Function (anonymous)] ]
  }
}
event uploadProgress for HTTP {"percent":0,"transferred":0}
requestClient http://localhost:8080/api/users/4/follow-requests disconnect

---------------------

GET {{baseUrl}}/4/follow-requests
✖ Test failed (    at ClientRequest.<anonymous> (/Users/carla/Documents/Partyhub/api/node_modules/got/dist/source/core/index.js:970: 111) - Object.onceWrapper (node:events:631:12)
RequestError
    at ClientRequest.<anonymous> (/Users/carla/Documents/Partyhub/api/node_modules/got/dist/source/core/index.js:970:111)
    at Object.onceWrapper (node:events:631:12)
✖ Test failed (    at ClientRequest.<anonymous> (/Users/carla/Documents/Partyhub/api/node_modules/got/dist/source/core/index.js:970: 111) - Object.onceWrapper (node:events:631:12)
RequestError
    at ClientRequest.<anonymous> (/Users/carla/Documents/Partyhub/api/node_modules/got/dist/source/core/index.js:970:111)
    at Object.onceWrapper (node:events:631:12)
{
  url: 'http://localhost:8080/api/users/4/follow-requests',
  protocol: 'HTTP',
  method: 'GET',
  headers: { Accept: '*/*', 'User-Agent': 'httpyac' },
  options: {
    cookieJar: CookieJar {
      rejectPublicSuffixes: true,
      enableLooseMode: false,
      allowSpecialUseDomain: true,
      prefixSecurity: 'silent',
      store: [MemoryCookieStore]
    },
    hooks: { beforeRedirect: [Array], beforeRequest: [Array] }
  },
  proxy: undefined
}

---------------------

=== Seed: Anna follows Michael ===

init request
replace variables in request
perform Http Request (http://localhost:8080/api/users/1/followers/2/status)
requestClient http://localhost:8080/api/users/1/followers/2/status connect
request {
  decompress: true,
  retry: 0,
  throwHttpErrors: false,
  allowGetBody: true,
  timeout: 10000,
  https: undefined,
  method: 'GET',
  headers: { Accept: '*/*', 'User-Agent': 'httpyac' },
  body: undefined,
  cookieJar: CookieJar {
    rejectPublicSuffixes: true,
    enableLooseMode: false,
    allowSpecialUseDomain: true,
    prefixSecurity: 'silent',
    store: MemoryCookieStore {
      synchronous: true,
      idx: [Object: null prototype] {}
    }
  },
  hooks: {
    beforeRedirect: [ [AsyncFunction (anonymous)] ],
    beforeRequest: [ [Function (anonymous)] ]
  }
}
event uploadProgress for HTTP {"percent":0,"transferred":0}
requestClient http://localhost:8080/api/users/1/followers/2/status disconnect

---------------------

GET {{baseUrl}}/1/followers/2/status
✖ Test failed (    at ClientRequest.<anonymous> (/Users/carla/Documents/Partyhub/api/node_modules/got/dist/source/core/index.js:970: 111) - Object.onceWrapper (node:events:631:12)
RequestError
    at ClientRequest.<anonymous> (/Users/carla/Documents/Partyhub/api/node_modules/got/dist/source/core/index.js:970:111)
    at Object.onceWrapper (node:events:631:12)
✖ Test failed (    at ClientRequest.<anonymous> (/Users/carla/Documents/Partyhub/api/node_modules/got/dist/source/core/index.js:970: 111) - Object.onceWrapper (node:events:631:12)
RequestError
    at ClientRequest.<anonymous> (/Users/carla/Documents/Partyhub/api/node_modules/got/dist/source/core/index.js:970:111)
    at Object.onceWrapper (node:events:631:12)
{
  url: 'http://localhost:8080/api/users/1/followers/2/status',
  protocol: 'HTTP',
  method: 'GET',
  headers: { Accept: '*/*', 'User-Agent': 'httpyac' },
  options: {
    cookieJar: CookieJar {
      rejectPublicSuffixes: true,
      enableLooseMode: false,
      allowSpecialUseDomain: true,
      prefixSecurity: 'silent',
      store: [MemoryCookieStore]
    },
    hooks: { beforeRedirect: [Array], beforeRequest: [Array] }
  },
  proxy: undefined
}

---------------------

=== Send follow request: Lukas wants to follow Nina ===

init request
replace variables in request
perform Http Request (http://localhost:8080/api/users/6/follow?targetUserId=9)
requestClient http://localhost:8080/api/users/6/follow?targetUserId=9 connect
request {
  decompress: true,
  retry: 0,
  throwHttpErrors: false,
  allowGetBody: true,
  timeout: 10000,
  https: undefined,
  method: 'POST',
  headers: { Accept: '*/*', 'User-Agent': 'httpyac' },
  body: undefined,
  cookieJar: CookieJar {
    rejectPublicSuffixes: true,
    enableLooseMode: false,
    allowSpecialUseDomain: true,
    prefixSecurity: 'silent',
    store: MemoryCookieStore {
      synchronous: true,
      idx: [Object: null prototype] {}
    }
  },
  hooks: {
    beforeRedirect: [ [AsyncFunction (anonymous)] ],
    beforeRequest: [ [Function (anonymous)] ]
  }
}
event uploadProgress for HTTP {"percent":0,"transferred":0}
requestClient http://localhost:8080/api/users/6/follow?targetUserId=9 disconnect

---------------------

POST {{baseUrl}}/6/follow?targetUserId=9
✖ Test failed (    at ClientRequest.<anonymous> (/Users/carla/Documents/Partyhub/api/node_modules/got/dist/source/core/index.js:970: 111) - Object.onceWrapper (node:events:631:12)
RequestError
    at ClientRequest.<anonymous> (/Users/carla/Documents/Partyhub/api/node_modules/got/dist/source/core/index.js:970:111)
    at Object.onceWrapper (node:events:631:12)
✖ Test failed (    at ClientRequest.<anonymous> (/Users/carla/Documents/Partyhub/api/node_modules/got/dist/source/core/index.js:970: 111) - Object.onceWrapper (node:events:631:12)
RequestError
    at ClientRequest.<anonymous> (/Users/carla/Documents/Partyhub/api/node_modules/got/dist/source/core/index.js:970:111)
    at Object.onceWrapper (node:events:631:12)
{
  url: 'http://localhost:8080/api/users/6/follow?targetUserId=9',
  protocol: 'HTTP',
  method: 'POST',
  headers: { Accept: '*/*', 'User-Agent': 'httpyac' },
  options: {
    cookieJar: CookieJar {
      rejectPublicSuffixes: true,
      enableLooseMode: false,
      allowSpecialUseDomain: true,
      prefixSecurity: 'silent',
      store: [MemoryCookieStore]
    },
    hooks: { beforeRedirect: [Array], beforeRequest: [Array] }
  },
  proxy: undefined
}

---------------------

=== Accept follow request: Nina accepts Lukas ===

init request
replace variables in request
perform Http Request (http://localhost:8080/api/users/9/followers/6)
requestClient http://localhost:8080/api/users/9/followers/6 connect
request {
  decompress: true,
  retry: 0,
  throwHttpErrors: false,
  allowGetBody: true,
  timeout: 10000,
  https: undefined,
  method: 'PUT',
  headers: { Accept: '*/*', 'User-Agent': 'httpyac' },
  body: undefined,
  cookieJar: CookieJar {
    rejectPublicSuffixes: true,
    enableLooseMode: false,
    allowSpecialUseDomain: true,
    prefixSecurity: 'silent',
    store: MemoryCookieStore {
      synchronous: true,
      idx: [Object: null prototype] {}
    }
  },
  hooks: {
    beforeRedirect: [ [AsyncFunction (anonymous)] ],
    beforeRequest: [ [Function (anonymous)] ]
  }
}
event uploadProgress for HTTP {"percent":0,"transferred":0}
requestClient http://localhost:8080/api/users/9/followers/6 disconnect

---------------------

PUT {{baseUrl}}/9/followers/6
✖ Test failed (    at ClientRequest.<anonymous> (/Users/carla/Documents/Partyhub/api/node_modules/got/dist/source/core/index.js:970: 111) - Object.onceWrapper (node:events:631:12)
RequestError
    at ClientRequest.<anonymous> (/Users/carla/Documents/Partyhub/api/node_modules/got/dist/source/core/index.js:970:111)
    at Object.onceWrapper (node:events:631:12)
✖ Test failed (    at ClientRequest.<anonymous> (/Users/carla/Documents/Partyhub/api/node_modules/got/dist/source/core/index.js:970: 111) - Object.onceWrapper (node:events:631:12)
RequestError
    at ClientRequest.<anonymous> (/Users/carla/Documents/Partyhub/api/node_modules/got/dist/source/core/index.js:970:111)
    at Object.onceWrapper (node:events:631:12)
{
  url: 'http://localhost:8080/api/users/9/followers/6',
  protocol: 'HTTP',
  method: 'PUT',
  headers: { Accept: '*/*', 'User-Agent': 'httpyac' },
  options: {
    cookieJar: CookieJar {
      rejectPublicSuffixes: true,
      enableLooseMode: false,
      allowSpecialUseDomain: true,
      prefixSecurity: 'silent',
      store: [MemoryCookieStore]
    },
    hooks: { beforeRedirect: [Array], beforeRequest: [Array] }
  },
  proxy: undefined
}

---------------------

=== Remove accepted relationship again ===

init request
replace variables in request
perform Http Request (http://localhost:8080/api/users/9/followers/6)
requestClient http://localhost:8080/api/users/9/followers/6 connect
request {
  decompress: true,
  retry: 0,
  throwHttpErrors: false,
  allowGetBody: true,
  timeout: 10000,
  https: undefined,
  method: 'DELETE',
  headers: { Accept: '*/*', 'User-Agent': 'httpyac' },
  body: undefined,
  cookieJar: CookieJar {
    rejectPublicSuffixes: true,
    enableLooseMode: false,
    allowSpecialUseDomain: true,
    prefixSecurity: 'silent',
    store: MemoryCookieStore {
      synchronous: true,
      idx: [Object: null prototype] {}
    }
  },
  hooks: {
    beforeRedirect: [ [AsyncFunction (anonymous)] ],
    beforeRequest: [ [Function (anonymous)] ]
  }
}
event uploadProgress for HTTP {"percent":0,"transferred":0}
requestClient http://localhost:8080/api/users/9/followers/6 disconnect

---------------------

DELETE {{baseUrl}}/9/followers/6
✖ Test failed (    at ClientRequest.<anonymous> (/Users/carla/Documents/Partyhub/api/node_modules/got/dist/source/core/index.js:970: 111) - Object.onceWrapper (node:events:631:12)
RequestError
    at ClientRequest.<anonymous> (/Users/carla/Documents/Partyhub/api/node_modules/got/dist/source/core/index.js:970:111)
    at Object.onceWrapper (node:events:631:12)
✖ Test failed (    at ClientRequest.<anonymous> (/Users/carla/Documents/Partyhub/api/node_modules/got/dist/source/core/index.js:970: 111) - Object.onceWrapper (node:events:631:12)
RequestError
    at ClientRequest.<anonymous> (/Users/carla/Documents/Partyhub/api/node_modules/got/dist/source/core/index.js:970:111)
    at Object.onceWrapper (node:events:631:12)
{
  url: 'http://localhost:8080/api/users/9/followers/6',
  protocol: 'HTTP',
  method: 'DELETE',
  headers: { Accept: '*/*', 'User-Agent': 'httpyac' },
  options: {
    cookieJar: CookieJar {
      rejectPublicSuffixes: true,
      enableLooseMode: false,
      allowSpecialUseDomain: true,
      prefixSecurity: 'silent',
      store: [MemoryCookieStore]
    },
    hooks: { beforeRedirect: [Array], beforeRequest: [Array] }
  },
  proxy: undefined
}

---------------------

=== Follow targetUserId is required ===

init request
replace variables in request
perform Http Request (http://localhost:8080/api/users/6/follow)
requestClient http://localhost:8080/api/users/6/follow connect
request {
  decompress: true,
  retry: 0,
  throwHttpErrors: false,
  allowGetBody: true,
  timeout: 10000,
  https: undefined,
  method: 'POST',
  headers: { Accept: '*/*', 'User-Agent': 'httpyac' },
  body: undefined,
  cookieJar: CookieJar {
    rejectPublicSuffixes: true,
    enableLooseMode: false,
    allowSpecialUseDomain: true,
    prefixSecurity: 'silent',
    store: MemoryCookieStore {
      synchronous: true,
      idx: [Object: null prototype] {}
    }
  },
  hooks: {
    beforeRedirect: [ [AsyncFunction (anonymous)] ],
    beforeRequest: [ [Function (anonymous)] ]
  }
}
event uploadProgress for HTTP {"percent":0,"transferred":0}
requestClient http://localhost:8080/api/users/6/follow disconnect

---------------------

POST {{baseUrl}}/6/follow
✖ Test failed (    at ClientRequest.<anonymous> (/Users/carla/Documents/Partyhub/api/node_modules/got/dist/source/core/index.js:970: 111) - Object.onceWrapper (node:events:631:12)
RequestError
    at ClientRequest.<anonymous> (/Users/carla/Documents/Partyhub/api/node_modules/got/dist/source/core/index.js:970:111)
    at Object.onceWrapper (node:events:631:12)
✖ Test failed (    at ClientRequest.<anonymous> (/Users/carla/Documents/Partyhub/api/node_modules/got/dist/source/core/index.js:970: 111) - Object.onceWrapper (node:events:631:12)
RequestError
    at ClientRequest.<anonymous> (/Users/carla/Documents/Partyhub/api/node_modules/got/dist/source/core/index.js:970:111)
    at Object.onceWrapper (node:events:631:12)
{
  url: 'http://localhost:8080/api/users/6/follow',
  protocol: 'HTTP',
  method: 'POST',
  headers: { Accept: '*/*', 'User-Agent': 'httpyac' },
  options: {
    cookieJar: CookieJar {
      rejectPublicSuffixes: true,
      enableLooseMode: false,
      allowSpecialUseDomain: true,
      prefixSecurity: 'silent',
      store: [MemoryCookieStore]
    },
    hooks: { beforeRedirect: [Array], beforeRequest: [Array] }
  },
  proxy: undefined
}
current environment variables { '$global': {}, '$getOAuth2Response': [AsyncFunction: mt] }

---------------------

=== Seed: Michael received invitation 1 for private party 4 ===

--------------------- /Users/carla/Documents/Partyhub/api/invitation.http  --
init request
replace variables in request
perform Http Request (http://localhost:8080/api/invitations?user=2&direction=received)
requestClient http://localhost:8080/api/invitations?user=2&direction=received connect
request {
  decompress: true,
  retry: 0,
  throwHttpErrors: false,
  allowGetBody: true,
  timeout: 10000,
  https: undefined,
  method: 'GET',
  headers: { Accept: '*/*', 'User-Agent': 'httpyac' },
  body: undefined,
  cookieJar: CookieJar {
    rejectPublicSuffixes: true,
    enableLooseMode: false,
    allowSpecialUseDomain: true,
    prefixSecurity: 'silent',
    store: MemoryCookieStore {
      synchronous: true,
      idx: [Object: null prototype] {}
    }
  },
  hooks: {
    beforeRedirect: [ [AsyncFunction (anonymous)] ],
    beforeRequest: [ [Function (anonymous)] ]
  }
}
event uploadProgress for HTTP {"percent":0,"transferred":0}
requestClient http://localhost:8080/api/invitations?user=2&direction=received disconnect

---------------------

GET {{baseUrl}}?user=2&direction=received
✖ Test failed (    at ClientRequest.<anonymous> (/Users/carla/Documents/Partyhub/api/node_modules/got/dist/source/core/index.js:970: 111) - Object.onceWrapper (node:events:631:12)
RequestError
    at ClientRequest.<anonymous> (/Users/carla/Documents/Partyhub/api/node_modules/got/dist/source/core/index.js:970:111)
    at Object.onceWrapper (node:events:631:12)
✖ Test failed (    at ClientRequest.<anonymous> (/Users/carla/Documents/Partyhub/api/node_modules/got/dist/source/core/index.js:970: 111) - Object.onceWrapper (node:events:631:12)
RequestError
    at ClientRequest.<anonymous> (/Users/carla/Documents/Partyhub/api/node_modules/got/dist/source/core/index.js:970:111)
    at Object.onceWrapper (node:events:631:12)
{
  url: 'http://localhost:8080/api/invitations?user=2&direction=received',
  protocol: 'HTTP',
  method: 'GET',
  headers: { Accept: '*/*', 'User-Agent': 'httpyac' },
  options: {
    cookieJar: CookieJar {
      rejectPublicSuffixes: true,
      enableLooseMode: false,
      allowSpecialUseDomain: true,
      prefixSecurity: 'silent',
      store: [MemoryCookieStore]
    },
    hooks: { beforeRedirect: [Array], beforeRequest: [Array] }
  },
  proxy: undefined
}

---------------------

=== Seed: Thomas sent invitations for private party 4 ===

init request
replace variables in request
perform Http Request (http://localhost:8080/api/invitations?user=4&direction=sent)
requestClient http://localhost:8080/api/invitations?user=4&direction=sent connect
request {
  decompress: true,
  retry: 0,
  throwHttpErrors: false,
  allowGetBody: true,
  timeout: 10000,
  https: undefined,
  method: 'GET',
  headers: { Accept: '*/*', 'User-Agent': 'httpyac' },
  body: undefined,
  cookieJar: CookieJar {
    rejectPublicSuffixes: true,
    enableLooseMode: false,
    allowSpecialUseDomain: true,
    prefixSecurity: 'silent',
    store: MemoryCookieStore {
      synchronous: true,
      idx: [Object: null prototype] {}
    }
  },
  hooks: {
    beforeRedirect: [ [AsyncFunction (anonymous)] ],
    beforeRequest: [ [Function (anonymous)] ]
  }
}
event uploadProgress for HTTP {"percent":0,"transferred":0}
requestClient http://localhost:8080/api/invitations?user=4&direction=sent disconnect

---------------------

GET {{baseUrl}}?user=4&direction=sent
✖ Test failed (    at ClientRequest.<anonymous> (/Users/carla/Documents/Partyhub/api/node_modules/got/dist/source/core/index.js:970: 111) - Object.onceWrapper (node:events:631:12)
RequestError
    at ClientRequest.<anonymous> (/Users/carla/Documents/Partyhub/api/node_modules/got/dist/source/core/index.js:970:111)
    at Object.onceWrapper (node:events:631:12)
✖ Test failed (    at ClientRequest.<anonymous> (/Users/carla/Documents/Partyhub/api/node_modules/got/dist/source/core/index.js:970: 111) - Object.onceWrapper (node:events:631:12)
RequestError
    at ClientRequest.<anonymous> (/Users/carla/Documents/Partyhub/api/node_modules/got/dist/source/core/index.js:970:111)
    at Object.onceWrapper (node:events:631:12)
{
  url: 'http://localhost:8080/api/invitations?user=4&direction=sent',
  protocol: 'HTTP',
  method: 'GET',
  headers: { Accept: '*/*', 'User-Agent': 'httpyac' },
  options: {
    cookieJar: CookieJar {
      rejectPublicSuffixes: true,
      enableLooseMode: false,
      allowSpecialUseDomain: true,
      prefixSecurity: 'silent',
      store: [MemoryCookieStore]
    },
    hooks: { beforeRedirect: [Array], beforeRequest: [Array] }
  },
  proxy: undefined
}

---------------------

=== Seed: Anna received invitation 3 for private party 9 ===

init request
replace variables in request
perform Http Request (http://localhost:8080/api/invitations?user=1&direction=received)
requestClient http://localhost:8080/api/invitations?user=1&direction=received connect
request {
  decompress: true,
  retry: 0,
  throwHttpErrors: false,
  allowGetBody: true,
  timeout: 10000,
  https: undefined,
  method: 'GET',
  headers: { Accept: '*/*', 'User-Agent': 'httpyac' },
  body: undefined,
  cookieJar: CookieJar {
    rejectPublicSuffixes: true,
    enableLooseMode: false,
    allowSpecialUseDomain: true,
    prefixSecurity: 'silent',
    store: MemoryCookieStore {
      synchronous: true,
      idx: [Object: null prototype] {}
    }
  },
  hooks: {
    beforeRedirect: [ [AsyncFunction (anonymous)] ],
    beforeRequest: [ [Function (anonymous)] ]
  }
}
event uploadProgress for HTTP {"percent":0,"transferred":0}
requestClient http://localhost:8080/api/invitations?user=1&direction=received disconnect

---------------------

GET {{baseUrl}}?user=1&direction=received
✖ Test failed (    at ClientRequest.<anonymous> (/Users/carla/Documents/Partyhub/api/node_modules/got/dist/source/core/index.js:970: 111) - Object.onceWrapper (node:events:631:12)
RequestError
    at ClientRequest.<anonymous> (/Users/carla/Documents/Partyhub/api/node_modules/got/dist/source/core/index.js:970:111)
    at Object.onceWrapper (node:events:631:12)
✖ Test failed (    at ClientRequest.<anonymous> (/Users/carla/Documents/Partyhub/api/node_modules/got/dist/source/core/index.js:970: 111) - Object.onceWrapper (node:events:631:12)
RequestError
    at ClientRequest.<anonymous> (/Users/carla/Documents/Partyhub/api/node_modules/got/dist/source/core/index.js:970:111)
    at Object.onceWrapper (node:events:631:12)
{
  url: 'http://localhost:8080/api/invitations?user=1&direction=received',
  protocol: 'HTTP',
  method: 'GET',
  headers: { Accept: '*/*', 'User-Agent': 'httpyac' },
  options: {
    cookieJar: CookieJar {
      rejectPublicSuffixes: true,
      enableLooseMode: false,
      allowSpecialUseDomain: true,
      prefixSecurity: 'silent',
      store: [MemoryCookieStore]
    },
    hooks: { beforeRedirect: [Array], beforeRequest: [Array] }
  },
  proxy: undefined
}

---------------------

=== User is required ===

init request
replace variables in request
perform Http Request (http://localhost:8080/api/invitations)
requestClient http://localhost:8080/api/invitations connect
request {
  decompress: true,
  retry: 0,
  throwHttpErrors: false,
  allowGetBody: true,
  timeout: 10000,
  https: undefined,
  method: 'GET',
  headers: { Accept: '*/*', 'User-Agent': 'httpyac' },
  body: undefined,
  cookieJar: CookieJar {
    rejectPublicSuffixes: true,
    enableLooseMode: false,
    allowSpecialUseDomain: true,
    prefixSecurity: 'silent',
    store: MemoryCookieStore {
      synchronous: true,
      idx: [Object: null prototype] {}
    }
  },
  hooks: {
    beforeRedirect: [ [AsyncFunction (anonymous)] ],
    beforeRequest: [ [Function (anonymous)] ]
  }
}
event uploadProgress for HTTP {"percent":0,"transferred":0}
requestClient http://localhost:8080/api/invitations disconnect

---------------------

GET {{baseUrl}}
✖ Test failed (    at ClientRequest.<anonymous> (/Users/carla/Documents/Partyhub/api/node_modules/got/dist/source/core/index.js:970: 111) - Object.onceWrapper (node:events:631:12)
RequestError
    at ClientRequest.<anonymous> (/Users/carla/Documents/Partyhub/api/node_modules/got/dist/source/core/index.js:970:111)
    at Object.onceWrapper (node:events:631:12)
✖ Test failed (    at ClientRequest.<anonymous> (/Users/carla/Documents/Partyhub/api/node_modules/got/dist/source/core/index.js:970: 111) - Object.onceWrapper (node:events:631:12)
RequestError
    at ClientRequest.<anonymous> (/Users/carla/Documents/Partyhub/api/node_modules/got/dist/source/core/index.js:970:111)
    at Object.onceWrapper (node:events:631:12)
{
  url: 'http://localhost:8080/api/invitations',
  protocol: 'HTTP',
  method: 'GET',
  headers: { Accept: '*/*', 'User-Agent': 'httpyac' },
  options: {
    cookieJar: CookieJar {
      rejectPublicSuffixes: true,
      enableLooseMode: false,
      allowSpecialUseDomain: true,
      prefixSecurity: 'silent',
      store: [MemoryCookieStore]
    },
    hooks: { beforeRedirect: [Array], beforeRequest: [Array] }
  },
  proxy: undefined
}

---------------------

=== Only sender or recipient may delete an invitation ===

init request
replace variables in request
perform Http Request (http://localhost:8080/api/invitations/1?user=5)
requestClient http://localhost:8080/api/invitations/1?user=5 connect
request {
  decompress: true,
  retry: 0,
  throwHttpErrors: false,
  allowGetBody: true,
  timeout: 10000,
  https: undefined,
  method: 'DELETE',
  headers: { Accept: '*/*', 'User-Agent': 'httpyac' },
  body: undefined,
  cookieJar: CookieJar {
    rejectPublicSuffixes: true,
    enableLooseMode: false,
    allowSpecialUseDomain: true,
    prefixSecurity: 'silent',
    store: MemoryCookieStore {
      synchronous: true,
      idx: [Object: null prototype] {}
    }
  },
  hooks: {
    beforeRedirect: [ [AsyncFunction (anonymous)] ],
    beforeRequest: [ [Function (anonymous)] ]
  }
}
event uploadProgress for HTTP {"percent":0,"transferred":0}
requestClient http://localhost:8080/api/invitations/1?user=5 disconnect

---------------------

DELETE {{baseUrl}}/1?user=5
✖ Test failed (    at ClientRequest.<anonymous> (/Users/carla/Documents/Partyhub/api/node_modules/got/dist/source/core/index.js:970: 111) - Object.onceWrapper (node:events:631:12)
RequestError
    at ClientRequest.<anonymous> (/Users/carla/Documents/Partyhub/api/node_modules/got/dist/source/core/index.js:970:111)
    at Object.onceWrapper (node:events:631:12)
✖ Test failed (    at ClientRequest.<anonymous> (/Users/carla/Documents/Partyhub/api/node_modules/got/dist/source/core/index.js:970: 111) - Object.onceWrapper (node:events:631:12)
RequestError
    at ClientRequest.<anonymous> (/Users/carla/Documents/Partyhub/api/node_modules/got/dist/source/core/index.js:970:111)
    at Object.onceWrapper (node:events:631:12)
{
  url: 'http://localhost:8080/api/invitations/1?user=5',
  protocol: 'HTTP',
  method: 'DELETE',
  headers: { Accept: '*/*', 'User-Agent': 'httpyac' },
  options: {
    cookieJar: CookieJar {
      rejectPublicSuffixes: true,
      enableLooseMode: false,
      allowSpecialUseDomain: true,
      prefixSecurity: 'silent',
      store: [MemoryCookieStore]
    },
    hooks: { beforeRedirect: [Array], beforeRequest: [Array] }
  },
  proxy: undefined
}

---------------------

=== Unknown invitation returns 404 ===

init request
replace variables in request
perform Http Request (http://localhost:8080/api/invitations/99999?user=8)
requestClient http://localhost:8080/api/invitations/99999?user=8 connect
request {
  decompress: true,
  retry: 0,
  throwHttpErrors: false,
  allowGetBody: true,
  timeout: 10000,
  https: undefined,
  method: 'DELETE',
  headers: { Accept: '*/*', 'User-Agent': 'httpyac' },
  body: undefined,
  cookieJar: CookieJar {
    rejectPublicSuffixes: true,
    enableLooseMode: false,
    allowSpecialUseDomain: true,
    prefixSecurity: 'silent',
    store: MemoryCookieStore {
      synchronous: true,
      idx: [Object: null prototype] {}
    }
  },
  hooks: {
    beforeRedirect: [ [AsyncFunction (anonymous)] ],
    beforeRequest: [ [Function (anonymous)] ]
  }
}
event uploadProgress for HTTP {"percent":0,"transferred":0}
requestClient http://localhost:8080/api/invitations/99999?user=8 disconnect

---------------------

DELETE {{baseUrl}}/99999?user=8
✖ Test failed (    at ClientRequest.<anonymous> (/Users/carla/Documents/Partyhub/api/node_modules/got/dist/source/core/index.js:970: 111) - Object.onceWrapper (node:events:631:12)
RequestError
    at ClientRequest.<anonymous> (/Users/carla/Documents/Partyhub/api/node_modules/got/dist/source/core/index.js:970:111)
    at Object.onceWrapper (node:events:631:12)
✖ Test failed (    at ClientRequest.<anonymous> (/Users/carla/Documents/Partyhub/api/node_modules/got/dist/source/core/index.js:970: 111) - Object.onceWrapper (node:events:631:12)
RequestError
    at ClientRequest.<anonymous> (/Users/carla/Documents/Partyhub/api/node_modules/got/dist/source/core/index.js:970:111)
    at Object.onceWrapper (node:events:631:12)
{
  url: 'http://localhost:8080/api/invitations/99999?user=8',
  protocol: 'HTTP',
  method: 'DELETE',
  headers: { Accept: '*/*', 'User-Agent': 'httpyac' },
  options: {
    cookieJar: CookieJar {
      rejectPublicSuffixes: true,
      enableLooseMode: false,
      allowSpecialUseDomain: true,
      prefixSecurity: 'silent',
      store: [MemoryCookieStore]
    },
    hooks: { beforeRedirect: [Array], beforeRequest: [Array] }
  },
  proxy: undefined
}
current environment variables { '$global': {}, '$getOAuth2Response': [AsyncFunction: mt] }

---------------------

=== Seed: media for party 1 ===

--------------------- /Users/carla/Documents/Partyhub/api/media.http  --
init request
replace variables in request
perform Http Request (http://localhost:8080/api/parties/1/media)
requestClient http://localhost:8080/api/parties/1/media connect
request {
  decompress: true,
  retry: 0,
  throwHttpErrors: false,
  allowGetBody: true,
  timeout: 10000,
  https: undefined,
  method: 'GET',
  headers: { Accept: '*/*', 'User-Agent': 'httpyac' },
  body: undefined,
  cookieJar: CookieJar {
    rejectPublicSuffixes: true,
    enableLooseMode: false,
    allowSpecialUseDomain: true,
    prefixSecurity: 'silent',
    store: MemoryCookieStore {
      synchronous: true,
      idx: [Object: null prototype] {}
    }
  },
  hooks: {
    beforeRedirect: [ [AsyncFunction (anonymous)] ],
    beforeRequest: [ [Function (anonymous)] ]
  }
}
event uploadProgress for HTTP {"percent":0,"transferred":0}
requestClient http://localhost:8080/api/parties/1/media disconnect

---------------------

GET {{host}}/api/parties/1/media
✖ Test failed (    at ClientRequest.<anonymous> (/Users/carla/Documents/Partyhub/api/node_modules/got/dist/source/core/index.js:970: 111) - Object.onceWrapper (node:events:631:12)
RequestError
    at ClientRequest.<anonymous> (/Users/carla/Documents/Partyhub/api/node_modules/got/dist/source/core/index.js:970:111)
    at Object.onceWrapper (node:events:631:12)
✖ Test failed (    at ClientRequest.<anonymous> (/Users/carla/Documents/Partyhub/api/node_modules/got/dist/source/core/index.js:970: 111) - Object.onceWrapper (node:events:631:12)
RequestError
    at ClientRequest.<anonymous> (/Users/carla/Documents/Partyhub/api/node_modules/got/dist/source/core/index.js:970:111)
    at Object.onceWrapper (node:events:631:12)
{
  url: 'http://localhost:8080/api/parties/1/media',
  protocol: 'HTTP',
  method: 'GET',
  headers: { Accept: '*/*', 'User-Agent': 'httpyac' },
  options: {
    cookieJar: CookieJar {
      rejectPublicSuffixes: true,
      enableLooseMode: false,
      allowSpecialUseDomain: true,
      prefixSecurity: 'silent',
      store: [MemoryCookieStore]
    },
    hooks: { beforeRedirect: [Array], beforeRequest: [Array] }
  },
  proxy: undefined
}

---------------------

=== Seed: media for party without images still returns list ===

init request
replace variables in request
perform Http Request (http://localhost:8080/api/parties/4/media)
requestClient http://localhost:8080/api/parties/4/media connect
request {
  decompress: true,
  retry: 0,
  throwHttpErrors: false,
  allowGetBody: true,
  timeout: 10000,
  https: undefined,
  method: 'GET',
  headers: { Accept: '*/*', 'User-Agent': 'httpyac' },
  body: undefined,
  cookieJar: CookieJar {
    rejectPublicSuffixes: true,
    enableLooseMode: false,
    allowSpecialUseDomain: true,
    prefixSecurity: 'silent',
    store: MemoryCookieStore {
      synchronous: true,
      idx: [Object: null prototype] {}
    }
  },
  hooks: {
    beforeRedirect: [ [AsyncFunction (anonymous)] ],
    beforeRequest: [ [Function (anonymous)] ]
  }
}
event uploadProgress for HTTP {"percent":0,"transferred":0}
requestClient http://localhost:8080/api/parties/4/media disconnect

---------------------

GET {{host}}/api/parties/4/media
✖ Test failed (    at ClientRequest.<anonymous> (/Users/carla/Documents/Partyhub/api/node_modules/got/dist/source/core/index.js:970: 111) - Object.onceWrapper (node:events:631:12)
RequestError
    at ClientRequest.<anonymous> (/Users/carla/Documents/Partyhub/api/node_modules/got/dist/source/core/index.js:970:111)
    at Object.onceWrapper (node:events:631:12)
✖ Test failed (    at ClientRequest.<anonymous> (/Users/carla/Documents/Partyhub/api/node_modules/got/dist/source/core/index.js:970: 111) - Object.onceWrapper (node:events:631:12)
RequestError
    at ClientRequest.<anonymous> (/Users/carla/Documents/Partyhub/api/node_modules/got/dist/source/core/index.js:970:111)
    at Object.onceWrapper (node:events:631:12)
{
  url: 'http://localhost:8080/api/parties/4/media',
  protocol: 'HTTP',
  method: 'GET',
  headers: { Accept: '*/*', 'User-Agent': 'httpyac' },
  options: {
    cookieJar: CookieJar {
      rejectPublicSuffixes: true,
      enableLooseMode: false,
      allowSpecialUseDomain: true,
      prefixSecurity: 'silent',
      store: [MemoryCookieStore]
    },
    hooks: { beforeRedirect: [Array], beforeRequest: [Array] }
  },
  proxy: undefined
}

---------------------

=== Seed: media uploaded by Anna ===

init request
replace variables in request
perform Http Request (http://localhost:8080/api/users/1/media)
requestClient http://localhost:8080/api/users/1/media connect
request {
  decompress: true,
  retry: 0,
  throwHttpErrors: false,
  allowGetBody: true,
  timeout: 10000,
  https: undefined,
  method: 'GET',
  headers: { Accept: '*/*', 'User-Agent': 'httpyac' },
  body: undefined,
  cookieJar: CookieJar {
    rejectPublicSuffixes: true,
    enableLooseMode: false,
    allowSpecialUseDomain: true,
    prefixSecurity: 'silent',
    store: MemoryCookieStore {
      synchronous: true,
      idx: [Object: null prototype] {}
    }
  },
  hooks: {
    beforeRedirect: [ [AsyncFunction (anonymous)] ],
    beforeRequest: [ [Function (anonymous)] ]
  }
}
event uploadProgress for HTTP {"percent":0,"transferred":0}
requestClient http://localhost:8080/api/users/1/media disconnect

---------------------

GET {{host}}/api/users/1/media
✖ Test failed (    at ClientRequest.<anonymous> (/Users/carla/Documents/Partyhub/api/node_modules/got/dist/source/core/index.js:970: 111) - Object.onceWrapper (node:events:631:12)
RequestError
    at ClientRequest.<anonymous> (/Users/carla/Documents/Partyhub/api/node_modules/got/dist/source/core/index.js:970:111)
    at Object.onceWrapper (node:events:631:12)
✖ Test failed (    at ClientRequest.<anonymous> (/Users/carla/Documents/Partyhub/api/node_modules/got/dist/source/core/index.js:970: 111) - Object.onceWrapper (node:events:631:12)
RequestError
    at ClientRequest.<anonymous> (/Users/carla/Documents/Partyhub/api/node_modules/got/dist/source/core/index.js:970:111)
    at Object.onceWrapper (node:events:631:12)
{
  url: 'http://localhost:8080/api/users/1/media',
  protocol: 'HTTP',
  method: 'GET',
  headers: { Accept: '*/*', 'User-Agent': 'httpyac' },
  options: {
    cookieJar: CookieJar {
      rejectPublicSuffixes: true,
      enableLooseMode: false,
      allowSpecialUseDomain: true,
      prefixSecurity: 'silent',
      store: [MemoryCookieStore]
    },
    hooks: { beforeRedirect: [Array], beforeRequest: [Array] }
  },
  proxy: undefined
}
current environment variables { '$global': {}, '$getOAuth2Response': [AsyncFunction: mt] }

---------------------

=== Seed: notifications for Michael ===

--------------------- /Users/carla/Documents/Partyhub/api/notification.http  --
init request
replace variables in request
perform Http Request (http://localhost:8080/api/notifications?user=2)
requestClient http://localhost:8080/api/notifications?user=2 connect
request {
  decompress: true,
  retry: 0,
  throwHttpErrors: false,
  allowGetBody: true,
  timeout: 10000,
  https: undefined,
  method: 'GET',
  headers: { 'X-User-Id': '2', Accept: '*/*', 'User-Agent': 'httpyac' },
  body: undefined,
  cookieJar: CookieJar {
    rejectPublicSuffixes: true,
    enableLooseMode: false,
    allowSpecialUseDomain: true,
    prefixSecurity: 'silent',
    store: MemoryCookieStore {
      synchronous: true,
      idx: [Object: null prototype] {}
    }
  },
  hooks: {
    beforeRedirect: [ [AsyncFunction (anonymous)] ],
    beforeRequest: [ [Function (anonymous)] ]
  }
}
event uploadProgress for HTTP {"percent":0,"transferred":0}
requestClient http://localhost:8080/api/notifications?user=2 disconnect

---------------------

GET {{baseUrl}}?user=2
X-User-Id: 2
✖ Test failed (    at ClientRequest.<anonymous> (/Users/carla/Documents/Partyhub/api/node_modules/got/dist/source/core/index.js:970: 111) - Object.onceWrapper (node:events:631:12)
RequestError
    at ClientRequest.<anonymous> (/Users/carla/Documents/Partyhub/api/node_modules/got/dist/source/core/index.js:970:111)
    at Object.onceWrapper (node:events:631:12)
✖ Test failed (    at ClientRequest.<anonymous> (/Users/carla/Documents/Partyhub/api/node_modules/got/dist/source/core/index.js:970: 111) - Object.onceWrapper (node:events:631:12)
RequestError
    at ClientRequest.<anonymous> (/Users/carla/Documents/Partyhub/api/node_modules/got/dist/source/core/index.js:970:111)
    at Object.onceWrapper (node:events:631:12)
{
  url: 'http://localhost:8080/api/notifications?user=2',
  protocol: 'HTTP',
  method: 'GET',
  headers: { 'X-User-Id': '2', Accept: '*/*', 'User-Agent': 'httpyac' },
  options: {
    cookieJar: CookieJar {
      rejectPublicSuffixes: true,
      enableLooseMode: false,
      allowSpecialUseDomain: true,
      prefixSecurity: 'silent',
      store: [MemoryCookieStore]
    },
    hooks: { beforeRedirect: [Array], beforeRequest: [Array] }
  },
  proxy: undefined
}

---------------------

=== Seed: unread notifications for Michael ===

init request
replace variables in request
perform Http Request (http://localhost:8080/api/notifications/unread?user=2)
requestClient http://localhost:8080/api/notifications/unread?user=2 connect
request {
  decompress: true,
  retry: 0,
  throwHttpErrors: false,
  allowGetBody: true,
  timeout: 10000,
  https: undefined,
  method: 'GET',
  headers: { 'X-User-Id': '2', Accept: '*/*', 'User-Agent': 'httpyac' },
  body: undefined,
  cookieJar: CookieJar {
    rejectPublicSuffixes: true,
    enableLooseMode: false,
    allowSpecialUseDomain: true,
    prefixSecurity: 'silent',
    store: MemoryCookieStore {
      synchronous: true,
      idx: [Object: null prototype] {}
    }
  },
  hooks: {
    beforeRedirect: [ [AsyncFunction (anonymous)] ],
    beforeRequest: [ [Function (anonymous)] ]
  }
}
event uploadProgress for HTTP {"percent":0,"transferred":0}
requestClient http://localhost:8080/api/notifications/unread?user=2 disconnect

---------------------

GET {{baseUrl}}/unread?user=2
X-User-Id: 2
✖ Test failed (    at ClientRequest.<anonymous> (/Users/carla/Documents/Partyhub/api/node_modules/got/dist/source/core/index.js:970: 111) - Object.onceWrapper (node:events:631:12)
RequestError
    at ClientRequest.<anonymous> (/Users/carla/Documents/Partyhub/api/node_modules/got/dist/source/core/index.js:970:111)
    at Object.onceWrapper (node:events:631:12)
✖ Test failed (    at ClientRequest.<anonymous> (/Users/carla/Documents/Partyhub/api/node_modules/got/dist/source/core/index.js:970: 111) - Object.onceWrapper (node:events:631:12)
RequestError
    at ClientRequest.<anonymous> (/Users/carla/Documents/Partyhub/api/node_modules/got/dist/source/core/index.js:970:111)
    at Object.onceWrapper (node:events:631:12)
{
  url: 'http://localhost:8080/api/notifications/unread?user=2',
  protocol: 'HTTP',
  method: 'GET',
  headers: { 'X-User-Id': '2', Accept: '*/*', 'User-Agent': 'httpyac' },
  options: {
    cookieJar: CookieJar {
      rejectPublicSuffixes: true,
      enableLooseMode: false,
      allowSpecialUseDomain: true,
      prefixSecurity: 'silent',
      store: [MemoryCookieStore]
    },
    hooks: { beforeRedirect: [Array], beforeRequest: [Array] }
  },
  proxy: undefined
}

---------------------

=== Missing user currently returns an empty list ===

init request
replace variables in request
perform Http Request (http://localhost:8080/api/notifications)
requestClient http://localhost:8080/api/notifications connect
request {
  decompress: true,
  retry: 0,
  throwHttpErrors: false,
  allowGetBody: true,
  timeout: 10000,
  https: undefined,
  method: 'GET',
  headers: { Accept: '*/*', 'User-Agent': 'httpyac' },
  body: undefined,
  cookieJar: CookieJar {
    rejectPublicSuffixes: true,
    enableLooseMode: false,
    allowSpecialUseDomain: true,
    prefixSecurity: 'silent',
    store: MemoryCookieStore {
      synchronous: true,
      idx: [Object: null prototype] {}
    }
  },
  hooks: {
    beforeRedirect: [ [AsyncFunction (anonymous)] ],
    beforeRequest: [ [Function (anonymous)] ]
  }
}
event uploadProgress for HTTP {"percent":0,"transferred":0}
requestClient http://localhost:8080/api/notifications disconnect

---------------------

GET {{baseUrl}}
✖ Test failed (    at ClientRequest.<anonymous> (/Users/carla/Documents/Partyhub/api/node_modules/got/dist/source/core/index.js:970: 111) - Object.onceWrapper (node:events:631:12)
RequestError
    at ClientRequest.<anonymous> (/Users/carla/Documents/Partyhub/api/node_modules/got/dist/source/core/index.js:970:111)
    at Object.onceWrapper (node:events:631:12)
✖ Test failed (    at ClientRequest.<anonymous> (/Users/carla/Documents/Partyhub/api/node_modules/got/dist/source/core/index.js:970: 111) - Object.onceWrapper (node:events:631:12)
RequestError
    at ClientRequest.<anonymous> (/Users/carla/Documents/Partyhub/api/node_modules/got/dist/source/core/index.js:970:111)
    at Object.onceWrapper (node:events:631:12)
{
  url: 'http://localhost:8080/api/notifications',
  protocol: 'HTTP',
  method: 'GET',
  headers: { Accept: '*/*', 'User-Agent': 'httpyac' },
  options: {
    cookieJar: CookieJar {
      rejectPublicSuffixes: true,
      enableLooseMode: false,
      allowSpecialUseDomain: true,
      prefixSecurity: 'silent',
      store: [MemoryCookieStore]
    },
    hooks: { beforeRedirect: [Array], beforeRequest: [Array] }
  },
  proxy: undefined
}

---------------------

=== Mark Michael's invitation notification as read ===

init request
replace variables in request
perform Http Request (http://localhost:8080/api/notifications/1/read?user=2)
requestClient http://localhost:8080/api/notifications/1/read?user=2 connect
request {
  decompress: true,
  retry: 0,
  throwHttpErrors: false,
  allowGetBody: true,
  timeout: 10000,
  https: undefined,
  method: 'POST',
  headers: { 'X-User-Id': '2', Accept: '*/*', 'User-Agent': 'httpyac' },
  body: undefined,
  cookieJar: CookieJar {
    rejectPublicSuffixes: true,
    enableLooseMode: false,
    allowSpecialUseDomain: true,
    prefixSecurity: 'silent',
    store: MemoryCookieStore {
      synchronous: true,
      idx: [Object: null prototype] {}
    }
  },
  hooks: {
    beforeRedirect: [ [AsyncFunction (anonymous)] ],
    beforeRequest: [ [Function (anonymous)] ]
  }
}
event uploadProgress for HTTP {"percent":0,"transferred":0}
requestClient http://localhost:8080/api/notifications/1/read?user=2 disconnect

---------------------

POST {{baseUrl}}/1/read?user=2
X-User-Id: 2
✖ Test failed (    at ClientRequest.<anonymous> (/Users/carla/Documents/Partyhub/api/node_modules/got/dist/source/core/index.js:970: 111) - Object.onceWrapper (node:events:631:12)
RequestError
    at ClientRequest.<anonymous> (/Users/carla/Documents/Partyhub/api/node_modules/got/dist/source/core/index.js:970:111)
    at Object.onceWrapper (node:events:631:12)
✖ Test failed (    at ClientRequest.<anonymous> (/Users/carla/Documents/Partyhub/api/node_modules/got/dist/source/core/index.js:970: 111) - Object.onceWrapper (node:events:631:12)
RequestError
    at ClientRequest.<anonymous> (/Users/carla/Documents/Partyhub/api/node_modules/got/dist/source/core/index.js:970:111)
    at Object.onceWrapper (node:events:631:12)
{
  url: 'http://localhost:8080/api/notifications/1/read?user=2',
  protocol: 'HTTP',
  method: 'POST',
  headers: { 'X-User-Id': '2', Accept: '*/*', 'User-Agent': 'httpyac' },
  options: {
    cookieJar: CookieJar {
      rejectPublicSuffixes: true,
      enableLooseMode: false,
      allowSpecialUseDomain: true,
      prefixSecurity: 'silent',
      store: [MemoryCookieStore]
    },
    hooks: { beforeRedirect: [Array], beforeRequest: [Array] }
  },
  proxy: undefined
}

---------------------

=== Other users cannot mark Michael's notification ===

init request
replace variables in request
perform Http Request (http://localhost:8080/api/notifications/1/read?user=1)
requestClient http://localhost:8080/api/notifications/1/read?user=1 connect
request {
  decompress: true,
  retry: 0,
  throwHttpErrors: false,
  allowGetBody: true,
  timeout: 10000,
  https: undefined,
  method: 'POST',
  headers: { 'X-User-Id': '1', Accept: '*/*', 'User-Agent': 'httpyac' },
  body: undefined,
  cookieJar: CookieJar {
    rejectPublicSuffixes: true,
    enableLooseMode: false,
    allowSpecialUseDomain: true,
    prefixSecurity: 'silent',
    store: MemoryCookieStore {
      synchronous: true,
      idx: [Object: null prototype] {}
    }
  },
  hooks: {
    beforeRedirect: [ [AsyncFunction (anonymous)] ],
    beforeRequest: [ [Function (anonymous)] ]
  }
}
event uploadProgress for HTTP {"percent":0,"transferred":0}
requestClient http://localhost:8080/api/notifications/1/read?user=1 disconnect

---------------------

POST {{baseUrl}}/1/read?user=1
X-User-Id: 1
✖ Test failed (    at ClientRequest.<anonymous> (/Users/carla/Documents/Partyhub/api/node_modules/got/dist/source/core/index.js:970: 111) - Object.onceWrapper (node:events:631:12)
RequestError
    at ClientRequest.<anonymous> (/Users/carla/Documents/Partyhub/api/node_modules/got/dist/source/core/index.js:970:111)
    at Object.onceWrapper (node:events:631:12)
✖ Test failed (    at ClientRequest.<anonymous> (/Users/carla/Documents/Partyhub/api/node_modules/got/dist/source/core/index.js:970: 111) - Object.onceWrapper (node:events:631:12)
RequestError
    at ClientRequest.<anonymous> (/Users/carla/Documents/Partyhub/api/node_modules/got/dist/source/core/index.js:970:111)
    at Object.onceWrapper (node:events:631:12)
{
  url: 'http://localhost:8080/api/notifications/1/read?user=1',
  protocol: 'HTTP',
  method: 'POST',
  headers: { 'X-User-Id': '1', Accept: '*/*', 'User-Agent': 'httpyac' },
  options: {
    cookieJar: CookieJar {
      rejectPublicSuffixes: true,
      enableLooseMode: false,
      allowSpecialUseDomain: true,
      prefixSecurity: 'silent',
      store: [MemoryCookieStore]
    },
    hooks: { beforeRedirect: [Array], beforeRequest: [Array] }
  },
  proxy: undefined
}

---------------------

=== Other users cannot delete Michael's notification ===

init request
replace variables in request
perform Http Request (http://localhost:8080/api/notifications/1?user=1)
requestClient http://localhost:8080/api/notifications/1?user=1 connect
request {
  decompress: true,
  retry: 0,
  throwHttpErrors: false,
  allowGetBody: true,
  timeout: 10000,
  https: undefined,
  method: 'DELETE',
  headers: { 'X-User-Id': '1', Accept: '*/*', 'User-Agent': 'httpyac' },
  body: undefined,
  cookieJar: CookieJar {
    rejectPublicSuffixes: true,
    enableLooseMode: false,
    allowSpecialUseDomain: true,
    prefixSecurity: 'silent',
    store: MemoryCookieStore {
      synchronous: true,
      idx: [Object: null prototype] {}
    }
  },
  hooks: {
    beforeRedirect: [ [AsyncFunction (anonymous)] ],
    beforeRequest: [ [Function (anonymous)] ]
  }
}
event uploadProgress for HTTP {"percent":0,"transferred":0}
requestClient http://localhost:8080/api/notifications/1?user=1 disconnect

---------------------

DELETE {{baseUrl}}/1?user=1
X-User-Id: 1
✖ Test failed (    at ClientRequest.<anonymous> (/Users/carla/Documents/Partyhub/api/node_modules/got/dist/source/core/index.js:970: 111) - Object.onceWrapper (node:events:631:12)
RequestError
    at ClientRequest.<anonymous> (/Users/carla/Documents/Partyhub/api/node_modules/got/dist/source/core/index.js:970:111)
    at Object.onceWrapper (node:events:631:12)
✖ Test failed (    at ClientRequest.<anonymous> (/Users/carla/Documents/Partyhub/api/node_modules/got/dist/source/core/index.js:970: 111) - Object.onceWrapper (node:events:631:12)
RequestError
    at ClientRequest.<anonymous> (/Users/carla/Documents/Partyhub/api/node_modules/got/dist/source/core/index.js:970:111)
    at Object.onceWrapper (node:events:631:12)
{
  url: 'http://localhost:8080/api/notifications/1?user=1',
  protocol: 'HTTP',
  method: 'DELETE',
  headers: { 'X-User-Id': '1', Accept: '*/*', 'User-Agent': 'httpyac' },
  options: {
    cookieJar: CookieJar {
      rejectPublicSuffixes: true,
      enableLooseMode: false,
      allowSpecialUseDomain: true,
      prefixSecurity: 'silent',
      store: [MemoryCookieStore]
    },
    hooks: { beforeRedirect: [Array], beforeRequest: [Array] }
  },
  proxy: undefined
}

---------------------

=== Delete unknown notification ===

init request
replace variables in request
perform Http Request (http://localhost:8080/api/notifications/99999?user=2)
requestClient http://localhost:8080/api/notifications/99999?user=2 connect
request {
  decompress: true,
  retry: 0,
  throwHttpErrors: false,
  allowGetBody: true,
  timeout: 10000,
  https: undefined,
  method: 'DELETE',
  headers: { 'X-User-Id': '2', Accept: '*/*', 'User-Agent': 'httpyac' },
  body: undefined,
  cookieJar: CookieJar {
    rejectPublicSuffixes: true,
    enableLooseMode: false,
    allowSpecialUseDomain: true,
    prefixSecurity: 'silent',
    store: MemoryCookieStore {
      synchronous: true,
      idx: [Object: null prototype] {}
    }
  },
  hooks: {
    beforeRedirect: [ [AsyncFunction (anonymous)] ],
    beforeRequest: [ [Function (anonymous)] ]
  }
}
event uploadProgress for HTTP {"percent":0,"transferred":0}
requestClient http://localhost:8080/api/notifications/99999?user=2 disconnect

---------------------

DELETE {{baseUrl}}/99999?user=2
X-User-Id: 2
✖ Test failed (    at ClientRequest.<anonymous> (/Users/carla/Documents/Partyhub/api/node_modules/got/dist/source/core/index.js:970: 111) - Object.onceWrapper (node:events:631:12)
RequestError
    at ClientRequest.<anonymous> (/Users/carla/Documents/Partyhub/api/node_modules/got/dist/source/core/index.js:970:111)
    at Object.onceWrapper (node:events:631:12)
✖ Test failed (    at ClientRequest.<anonymous> (/Users/carla/Documents/Partyhub/api/node_modules/got/dist/source/core/index.js:970: 111) - Object.onceWrapper (node:events:631:12)
RequestError
    at ClientRequest.<anonymous> (/Users/carla/Documents/Partyhub/api/node_modules/got/dist/source/core/index.js:970:111)
    at Object.onceWrapper (node:events:631:12)
{
  url: 'http://localhost:8080/api/notifications/99999?user=2',
  protocol: 'HTTP',
  method: 'DELETE',
  headers: { 'X-User-Id': '2', Accept: '*/*', 'User-Agent': 'httpyac' },
  options: {
    cookieJar: CookieJar {
      rejectPublicSuffixes: true,
      enableLooseMode: false,
      allowSpecialUseDomain: true,
      prefixSecurity: 'silent',
      store: [MemoryCookieStore]
    },
    hooks: { beforeRedirect: [Array], beforeRequest: [Array] }
  },
  proxy: undefined
}
current environment variables { '$global': {}, '$getOAuth2Response': [AsyncFunction: mt] }

---------------------

=== Seed: visible parties for Mia include public + joined/invited ===

--------------------- /Users/carla/Documents/Partyhub/api/party.http  --
init request
replace variables in request
perform Http Request (http://localhost:8080/api/parties?user=7)
requestClient http://localhost:8080/api/parties?user=7 connect
request {
  decompress: true,
  retry: 0,
  throwHttpErrors: false,
  allowGetBody: true,
  timeout: 10000,
  https: undefined,
  method: 'GET',
  headers: { 'X-User-Id': '7', Accept: '*/*', 'User-Agent': 'httpyac' },
  body: undefined,
  cookieJar: CookieJar {
    rejectPublicSuffixes: true,
    enableLooseMode: false,
    allowSpecialUseDomain: true,
    prefixSecurity: 'silent',
    store: MemoryCookieStore {
      synchronous: true,
      idx: [Object: null prototype] {}
    }
  },
  hooks: {
    beforeRedirect: [ [AsyncFunction (anonymous)] ],
    beforeRequest: [ [Function (anonymous)] ]
  }
}
event uploadProgress for HTTP {"percent":0,"transferred":0}
requestClient http://localhost:8080/api/parties?user=7 disconnect

---------------------

GET {{baseUrl}}?user={{mia}}
X-User-Id: {{mia}}
✖ Test failed (    at ClientRequest.<anonymous> (/Users/carla/Documents/Partyhub/api/node_modules/got/dist/source/core/index.js:970: 111) - Object.onceWrapper (node:events:631:12)
RequestError
    at ClientRequest.<anonymous> (/Users/carla/Documents/Partyhub/api/node_modules/got/dist/source/core/index.js:970:111)
    at Object.onceWrapper (node:events:631:12)
✖ Test failed (    at ClientRequest.<anonymous> (/Users/carla/Documents/Partyhub/api/node_modules/got/dist/source/core/index.js:970: 111) - Object.onceWrapper (node:events:631:12)
RequestError
    at ClientRequest.<anonymous> (/Users/carla/Documents/Partyhub/api/node_modules/got/dist/source/core/index.js:970:111)
    at Object.onceWrapper (node:events:631:12)
{
  url: 'http://localhost:8080/api/parties?user=7',
  protocol: 'HTTP',
  method: 'GET',
  headers: { 'X-User-Id': '7', Accept: '*/*', 'User-Agent': 'httpyac' },
  options: {
    cookieJar: CookieJar {
      rejectPublicSuffixes: true,
      enableLooseMode: false,
      allowSpecialUseDomain: true,
      prefixSecurity: 'silent',
      store: [MemoryCookieStore]
    },
    hooks: { beforeRedirect: [Array], beforeRequest: [Array] }
  },
  proxy: undefined
}

---------------------

=== Seed: public party can be loaded without user ===

init request
replace variables in request
perform Http Request (http://localhost:8080/api/parties/1)
requestClient http://localhost:8080/api/parties/1 connect
request {
  decompress: true,
  retry: 0,
  throwHttpErrors: false,
  allowGetBody: true,
  timeout: 10000,
  https: undefined,
  method: 'GET',
  headers: { Accept: '*/*', 'User-Agent': 'httpyac' },
  body: undefined,
  cookieJar: CookieJar {
    rejectPublicSuffixes: true,
    enableLooseMode: false,
    allowSpecialUseDomain: true,
    prefixSecurity: 'silent',
    store: MemoryCookieStore {
      synchronous: true,
      idx: [Object: null prototype] {}
    }
  },
  hooks: {
    beforeRedirect: [ [AsyncFunction (anonymous)] ],
    beforeRequest: [ [Function (anonymous)] ]
  }
}
event uploadProgress for HTTP {"percent":0,"transferred":0}
requestClient http://localhost:8080/api/parties/1 disconnect

---------------------

GET {{baseUrl}}/1
✖ Test failed (    at ClientRequest.<anonymous> (/Users/carla/Documents/Partyhub/api/node_modules/got/dist/source/core/index.js:970: 111) - Object.onceWrapper (node:events:631:12)
RequestError
    at ClientRequest.<anonymous> (/Users/carla/Documents/Partyhub/api/node_modules/got/dist/source/core/index.js:970:111)
    at Object.onceWrapper (node:events:631:12)
✖ Test failed (    at ClientRequest.<anonymous> (/Users/carla/Documents/Partyhub/api/node_modules/got/dist/source/core/index.js:970: 111) - Object.onceWrapper (node:events:631:12)
RequestError
    at ClientRequest.<anonymous> (/Users/carla/Documents/Partyhub/api/node_modules/got/dist/source/core/index.js:970:111)
    at Object.onceWrapper (node:events:631:12)
{
  url: 'http://localhost:8080/api/parties/1',
  protocol: 'HTTP',
  method: 'GET',
  headers: { Accept: '*/*', 'User-Agent': 'httpyac' },
  options: {
    cookieJar: CookieJar {
      rejectPublicSuffixes: true,
      enableLooseMode: false,
      allowSpecialUseDomain: true,
      prefixSecurity: 'silent',
      store: [MemoryCookieStore]
    },
    hooks: { beforeRedirect: [Array], beforeRequest: [Array] }
  },
  proxy: undefined
}

---------------------

=== Seed: private party is hidden without user context ===

init request
replace variables in request
perform Http Request (http://localhost:8080/api/parties/4)
requestClient http://localhost:8080/api/parties/4 connect
request {
  decompress: true,
  retry: 0,
  throwHttpErrors: false,
  allowGetBody: true,
  timeout: 10000,
  https: undefined,
  method: 'GET',
  headers: { Accept: '*/*', 'User-Agent': 'httpyac' },
  body: undefined,
  cookieJar: CookieJar {
    rejectPublicSuffixes: true,
    enableLooseMode: false,
    allowSpecialUseDomain: true,
    prefixSecurity: 'silent',
    store: MemoryCookieStore {
      synchronous: true,
      idx: [Object: null prototype] {}
    }
  },
  hooks: {
    beforeRedirect: [ [AsyncFunction (anonymous)] ],
    beforeRequest: [ [Function (anonymous)] ]
  }
}
event uploadProgress for HTTP {"percent":0,"transferred":0}
requestClient http://localhost:8080/api/parties/4 disconnect

---------------------

GET {{baseUrl}}/4
✖ Test failed (    at ClientRequest.<anonymous> (/Users/carla/Documents/Partyhub/api/node_modules/got/dist/source/core/index.js:970: 111) - Object.onceWrapper (node:events:631:12)
RequestError
    at ClientRequest.<anonymous> (/Users/carla/Documents/Partyhub/api/node_modules/got/dist/source/core/index.js:970:111)
    at Object.onceWrapper (node:events:631:12)
✖ Test failed (    at ClientRequest.<anonymous> (/Users/carla/Documents/Partyhub/api/node_modules/got/dist/source/core/index.js:970: 111) - Object.onceWrapper (node:events:631:12)
RequestError
    at ClientRequest.<anonymous> (/Users/carla/Documents/Partyhub/api/node_modules/got/dist/source/core/index.js:970:111)
    at Object.onceWrapper (node:events:631:12)
{
  url: 'http://localhost:8080/api/parties/4',
  protocol: 'HTTP',
  method: 'GET',
  headers: { Accept: '*/*', 'User-Agent': 'httpyac' },
  options: {
    cookieJar: CookieJar {
      rejectPublicSuffixes: true,
      enableLooseMode: false,
      allowSpecialUseDomain: true,
      prefixSecurity: 'silent',
      store: [MemoryCookieStore]
    },
    hooks: { beforeRedirect: [Array], beforeRequest: [Array] }
  },
  proxy: undefined
}

---------------------

=== Seed: invited user can load private party 4 ===

init request
replace variables in request
perform Http Request (http://localhost:8080/api/parties/4?user=2)
requestClient http://localhost:8080/api/parties/4?user=2 connect
request {
  decompress: true,
  retry: 0,
  throwHttpErrors: false,
  allowGetBody: true,
  timeout: 10000,
  https: undefined,
  method: 'GET',
  headers: { 'X-User-Id': '2', Accept: '*/*', 'User-Agent': 'httpyac' },
  body: undefined,
  cookieJar: CookieJar {
    rejectPublicSuffixes: true,
    enableLooseMode: false,
    allowSpecialUseDomain: true,
    prefixSecurity: 'silent',
    store: MemoryCookieStore {
      synchronous: true,
      idx: [Object: null prototype] {}
    }
  },
  hooks: {
    beforeRedirect: [ [AsyncFunction (anonymous)] ],
    beforeRequest: [ [Function (anonymous)] ]
  }
}
event uploadProgress for HTTP {"percent":0,"transferred":0}
requestClient http://localhost:8080/api/parties/4?user=2 disconnect

---------------------

GET {{baseUrl}}/4?user={{michael}}
X-User-Id: {{michael}}
✖ Test failed (    at ClientRequest.<anonymous> (/Users/carla/Documents/Partyhub/api/node_modules/got/dist/source/core/index.js:970: 111) - Object.onceWrapper (node:events:631:12)
RequestError
    at ClientRequest.<anonymous> (/Users/carla/Documents/Partyhub/api/node_modules/got/dist/source/core/index.js:970:111)
    at Object.onceWrapper (node:events:631:12)
✖ Test failed (    at ClientRequest.<anonymous> (/Users/carla/Documents/Partyhub/api/node_modules/got/dist/source/core/index.js:970: 111) - Object.onceWrapper (node:events:631:12)
RequestError
    at ClientRequest.<anonymous> (/Users/carla/Documents/Partyhub/api/node_modules/got/dist/source/core/index.js:970:111)
    at Object.onceWrapper (node:events:631:12)
{
  url: 'http://localhost:8080/api/parties/4?user=2',
  protocol: 'HTTP',
  method: 'GET',
  headers: { 'X-User-Id': '2', Accept: '*/*', 'User-Agent': 'httpyac' },
  options: {
    cookieJar: CookieJar {
      rejectPublicSuffixes: true,
      enableLooseMode: false,
      allowSpecialUseDomain: true,
      prefixSecurity: 'silent',
      store: [MemoryCookieStore]
    },
    hooks: { beforeRedirect: [Array], beforeRequest: [Array] }
  },
  proxy: undefined
}

---------------------

=== Seed: unrelated user cannot load private party 9 ===

init request
replace variables in request
perform Http Request (http://localhost:8080/api/parties/9?user=2)
requestClient http://localhost:8080/api/parties/9?user=2 connect
request {
  decompress: true,
  retry: 0,
  throwHttpErrors: false,
  allowGetBody: true,
  timeout: 10000,
  https: undefined,
  method: 'GET',
  headers: { 'X-User-Id': '2', Accept: '*/*', 'User-Agent': 'httpyac' },
  body: undefined,
  cookieJar: CookieJar {
    rejectPublicSuffixes: true,
    enableLooseMode: false,
    allowSpecialUseDomain: true,
    prefixSecurity: 'silent',
    store: MemoryCookieStore {
      synchronous: true,
      idx: [Object: null prototype] {}
    }
  },
  hooks: {
    beforeRedirect: [ [AsyncFunction (anonymous)] ],
    beforeRequest: [ [Function (anonymous)] ]
  }
}
event uploadProgress for HTTP {"percent":0,"transferred":0}
requestClient http://localhost:8080/api/parties/9?user=2 disconnect

---------------------

GET {{baseUrl}}/9?user={{michael}}
X-User-Id: {{michael}}
✖ Test failed (    at ClientRequest.<anonymous> (/Users/carla/Documents/Partyhub/api/node_modules/got/dist/source/core/index.js:970: 111) - Object.onceWrapper (node:events:631:12)
RequestError
    at ClientRequest.<anonymous> (/Users/carla/Documents/Partyhub/api/node_modules/got/dist/source/core/index.js:970:111)
    at Object.onceWrapper (node:events:631:12)
✖ Test failed (    at ClientRequest.<anonymous> (/Users/carla/Documents/Partyhub/api/node_modules/got/dist/source/core/index.js:970: 111) - Object.onceWrapper (node:events:631:12)
RequestError
    at ClientRequest.<anonymous> (/Users/carla/Documents/Partyhub/api/node_modules/got/dist/source/core/index.js:970:111)
    at Object.onceWrapper (node:events:631:12)
{
  url: 'http://localhost:8080/api/parties/9?user=2',
  protocol: 'HTTP',
  method: 'GET',
  headers: { 'X-User-Id': '2', Accept: '*/*', 'User-Agent': 'httpyac' },
  options: {
    cookieJar: CookieJar {
      rejectPublicSuffixes: true,
      enableLooseMode: false,
      allowSpecialUseDomain: true,
      prefixSecurity: 'silent',
      store: [MemoryCookieStore]
    },
    hooks: { beforeRedirect: [Array], beforeRequest: [Array] }
  },
  proxy: undefined
}

---------------------

=== Search by title/description ===

init request
replace variables in request
perform Http Request (http://localhost:8080/api/parties?q=Hauptplatz)
requestClient http://localhost:8080/api/parties?q=Hauptplatz connect
request {
  decompress: true,
  retry: 0,
  throwHttpErrors: false,
  allowGetBody: true,
  timeout: 10000,
  https: undefined,
  method: 'GET',
  headers: { 'X-User-Id': '1', Accept: '*/*', 'User-Agent': 'httpyac' },
  body: undefined,
  cookieJar: CookieJar {
    rejectPublicSuffixes: true,
    enableLooseMode: false,
    allowSpecialUseDomain: true,
    prefixSecurity: 'silent',
    store: MemoryCookieStore {
      synchronous: true,
      idx: [Object: null prototype] {}
    }
  },
  hooks: {
    beforeRedirect: [ [AsyncFunction (anonymous)] ],
    beforeRequest: [ [Function (anonymous)] ]
  }
}
event uploadProgress for HTTP {"percent":0,"transferred":0}
requestClient http://localhost:8080/api/parties?q=Hauptplatz disconnect

---------------------

GET {{baseUrl}}?q=Hauptplatz
X-User-Id: {{anna}}
✖ Test failed (    at ClientRequest.<anonymous> (/Users/carla/Documents/Partyhub/api/node_modules/got/dist/source/core/index.js:970: 111) - Object.onceWrapper (node:events:631:12)
RequestError
    at ClientRequest.<anonymous> (/Users/carla/Documents/Partyhub/api/node_modules/got/dist/source/core/index.js:970:111)
    at Object.onceWrapper (node:events:631:12)
✖ Test failed (    at ClientRequest.<anonymous> (/Users/carla/Documents/Partyhub/api/node_modules/got/dist/source/core/index.js:970: 111) - Object.onceWrapper (node:events:631:12)
RequestError
    at ClientRequest.<anonymous> (/Users/carla/Documents/Partyhub/api/node_modules/got/dist/source/core/index.js:970:111)
    at Object.onceWrapper (node:events:631:12)
{
  url: 'http://localhost:8080/api/parties?q=Hauptplatz',
  protocol: 'HTTP',
  method: 'GET',
  headers: { 'X-User-Id': '1', Accept: '*/*', 'User-Agent': 'httpyac' },
  options: {
    cookieJar: CookieJar {
      rejectPublicSuffixes: true,
      enableLooseMode: false,
      allowSpecialUseDomain: true,
      prefixSecurity: 'silent',
      store: [MemoryCookieStore]
    },
    hooks: { beforeRedirect: [Array], beforeRequest: [Array] }
  },
  proxy: undefined
}

---------------------

=== Filter by theme ===

init request
replace variables in request
perform Http Request (http://localhost:8080/api/parties?theme=Techno)
requestClient http://localhost:8080/api/parties?theme=Techno connect
request {
  decompress: true,
  retry: 0,
  throwHttpErrors: false,
  allowGetBody: true,
  timeout: 10000,
  https: undefined,
  method: 'GET',
  headers: { 'X-User-Id': '1', Accept: '*/*', 'User-Agent': 'httpyac' },
  body: undefined,
  cookieJar: CookieJar {
    rejectPublicSuffixes: true,
    enableLooseMode: false,
    allowSpecialUseDomain: true,
    prefixSecurity: 'silent',
    store: MemoryCookieStore {
      synchronous: true,
      idx: [Object: null prototype] {}
    }
  },
  hooks: {
    beforeRedirect: [ [AsyncFunction (anonymous)] ],
    beforeRequest: [ [Function (anonymous)] ]
  }
}
event uploadProgress for HTTP {"percent":0,"transferred":0}
requestClient http://localhost:8080/api/parties?theme=Techno disconnect

---------------------

GET {{baseUrl}}?theme=Techno
X-User-Id: {{anna}}
✖ Test failed (    at ClientRequest.<anonymous> (/Users/carla/Documents/Partyhub/api/node_modules/got/dist/source/core/index.js:970: 111) - Object.onceWrapper (node:events:631:12)
RequestError
    at ClientRequest.<anonymous> (/Users/carla/Documents/Partyhub/api/node_modules/got/dist/source/core/index.js:970:111)
    at Object.onceWrapper (node:events:631:12)
✖ Test failed (    at ClientRequest.<anonymous> (/Users/carla/Documents/Partyhub/api/node_modules/got/dist/source/core/index.js:970: 111) - Object.onceWrapper (node:events:631:12)
RequestError
    at ClientRequest.<anonymous> (/Users/carla/Documents/Partyhub/api/node_modules/got/dist/source/core/index.js:970:111)
    at Object.onceWrapper (node:events:631:12)
{
  url: 'http://localhost:8080/api/parties?theme=Techno',
  protocol: 'HTTP',
  method: 'GET',
  headers: { 'X-User-Id': '1', Accept: '*/*', 'User-Agent': 'httpyac' },
  options: {
    cookieJar: CookieJar {
      rejectPublicSuffixes: true,
      enableLooseMode: false,
      allowSpecialUseDomain: true,
      prefixSecurity: 'silent',
      store: [MemoryCookieStore]
    },
    hooks: { beforeRedirect: [Array], beforeRequest: [Array] }
  },
  proxy: undefined
}

---------------------

=== Filter by date range ===

init request
replace variables in request
perform Http Request (http://localhost:8080/api/parties?date_from=2026-05-02T00:00:00&date_to=2026-05-04T23:59:59)
requestClient http://localhost:8080/api/parties?date_from=2026-05-02T00:00:00&date_to=2026-05-04T23:59:59 connect
request {
  decompress: true,
  retry: 0,
  throwHttpErrors: false,
  allowGetBody: true,
  timeout: 10000,
  https: undefined,
  method: 'GET',
  headers: { 'X-User-Id': '1', Accept: '*/*', 'User-Agent': 'httpyac' },
  body: undefined,
  cookieJar: CookieJar {
    rejectPublicSuffixes: true,
    enableLooseMode: false,
    allowSpecialUseDomain: true,
    prefixSecurity: 'silent',
    store: MemoryCookieStore {
      synchronous: true,
      idx: [Object: null prototype] {}
    }
  },
  hooks: {
    beforeRedirect: [ [AsyncFunction (anonymous)] ],
    beforeRequest: [ [Function (anonymous)] ]
  }
}
event uploadProgress for HTTP {"percent":0,"transferred":0}
requestClient http://localhost:8080/api/parties?date_from=2026-05-02T00:00:00&date_to=2026-05-04T23:59:59 disconnect

---------------------

GET {{baseUrl}}?date_from=2026-05-02T00:00:00&date_to=2026-05-04T23:59:59
X-User-Id: {{anna}}
✖ Test failed (    at ClientRequest.<anonymous> (/Users/carla/Documents/Partyhub/api/node_modules/got/dist/source/core/index.js:970: 111) - Object.onceWrapper (node:events:631:12)
RequestError
    at ClientRequest.<anonymous> (/Users/carla/Documents/Partyhub/api/node_modules/got/dist/source/core/index.js:970:111)
    at Object.onceWrapper (node:events:631:12)
✖ Test failed (    at ClientRequest.<anonymous> (/Users/carla/Documents/Partyhub/api/node_modules/got/dist/source/core/index.js:970: 111) - Object.onceWrapper (node:events:631:12)
RequestError
    at ClientRequest.<anonymous> (/Users/carla/Documents/Partyhub/api/node_modules/got/dist/source/core/index.js:970:111)
    at Object.onceWrapper (node:events:631:12)
{
  url: 'http://localhost:8080/api/parties?date_from=2026-05-02T00:00:00&date_to=2026-05-04T23:59:59',
  protocol: 'HTTP',
  method: 'GET',
  headers: { 'X-User-Id': '1', Accept: '*/*', 'User-Agent': 'httpyac' },
  options: {
    cookieJar: CookieJar {
      rejectPublicSuffixes: true,
      enableLooseMode: false,
      allowSpecialUseDomain: true,
      prefixSecurity: 'silent',
      store: [MemoryCookieStore]
    },
    hooks: { beforeRedirect: [Array], beforeRequest: [Array] }
  },
  proxy: undefined
}

---------------------

=== Sort by start date ascending ===

init request
replace variables in request
perform Http Request (http://localhost:8080/api/parties?sort=asc)
requestClient http://localhost:8080/api/parties?sort=asc connect
request {
  decompress: true,
  retry: 0,
  throwHttpErrors: false,
  allowGetBody: true,
  timeout: 10000,
  https: undefined,
  method: 'GET',
  headers: { 'X-User-Id': '1', Accept: '*/*', 'User-Agent': 'httpyac' },
  body: undefined,
  cookieJar: CookieJar {
    rejectPublicSuffixes: true,
    enableLooseMode: false,
    allowSpecialUseDomain: true,
    prefixSecurity: 'silent',
    store: MemoryCookieStore {
      synchronous: true,
      idx: [Object: null prototype] {}
    }
  },
  hooks: {
    beforeRedirect: [ [AsyncFunction (anonymous)] ],
    beforeRequest: [ [Function (anonymous)] ]
  }
}
event uploadProgress for HTTP {"percent":0,"transferred":0}
requestClient http://localhost:8080/api/parties?sort=asc disconnect

---------------------

GET {{baseUrl}}?sort=asc
X-User-Id: {{anna}}
✖ Test failed (    at ClientRequest.<anonymous> (/Users/carla/Documents/Partyhub/api/node_modules/got/dist/source/core/index.js:970: 111) - Object.onceWrapper (node:events:631:12)
RequestError
    at ClientRequest.<anonymous> (/Users/carla/Documents/Partyhub/api/node_modules/got/dist/source/core/index.js:970:111)
    at Object.onceWrapper (node:events:631:12)
✖ Test failed (    at ClientRequest.<anonymous> (/Users/carla/Documents/Partyhub/api/node_modules/got/dist/source/core/index.js:970: 111) - Object.onceWrapper (node:events:631:12)
RequestError
    at ClientRequest.<anonymous> (/Users/carla/Documents/Partyhub/api/node_modules/got/dist/source/core/index.js:970:111)
    at Object.onceWrapper (node:events:631:12)
{
  url: 'http://localhost:8080/api/parties?sort=asc',
  protocol: 'HTTP',
  method: 'GET',
  headers: { 'X-User-Id': '1', Accept: '*/*', 'User-Agent': 'httpyac' },
  options: {
    cookieJar: CookieJar {
      rejectPublicSuffixes: true,
      enableLooseMode: false,
      allowSpecialUseDomain: true,
      prefixSecurity: 'silent',
      store: [MemoryCookieStore]
    },
    hooks: { beforeRedirect: [Array], beforeRequest: [Array] }
  },
  proxy: undefined
}
current environment variables { '$global': {}, '$getOAuth2Response': [AsyncFunction: mt] }

---------------------

=== GET: Profile picture for Anna (Seed/Default) ===

--------------------- /Users/carla/Documents/Partyhub/api/profilePicture.http  --
init request
replace variables in request
perform Http Request (http://localhost:8080/api/users/1/profile-picture)
requestClient http://localhost:8080/api/users/1/profile-picture connect
request {
  decompress: true,
  retry: 0,
  throwHttpErrors: false,
  allowGetBody: true,
  timeout: 10000,
  https: undefined,
  method: 'GET',
  headers: { Accept: '*/*', 'User-Agent': 'httpyac' },
  body: undefined,
  cookieJar: CookieJar {
    rejectPublicSuffixes: true,
    enableLooseMode: false,
    allowSpecialUseDomain: true,
    prefixSecurity: 'silent',
    store: MemoryCookieStore {
      synchronous: true,
      idx: [Object: null prototype] {}
    }
  },
  hooks: {
    beforeRedirect: [ [AsyncFunction (anonymous)] ],
    beforeRequest: [ [Function (anonymous)] ]
  }
}
event uploadProgress for HTTP {"percent":0,"transferred":0}
requestClient http://localhost:8080/api/users/1/profile-picture disconnect

---------------------

GET {{baseUrl}}/{{anna}}/profile-picture
✖ Test failed (    at ClientRequest.<anonymous> (/Users/carla/Documents/Partyhub/api/node_modules/got/dist/source/core/index.js:970: 111) - Object.onceWrapper (node:events:631:12)
RequestError
    at ClientRequest.<anonymous> (/Users/carla/Documents/Partyhub/api/node_modules/got/dist/source/core/index.js:970:111)
    at Object.onceWrapper (node:events:631:12)
✖ Test failed (    at ClientRequest.<anonymous> (/Users/carla/Documents/Partyhub/api/node_modules/got/dist/source/core/index.js:970: 111) - Object.onceWrapper (node:events:631:12)
RequestError
    at ClientRequest.<anonymous> (/Users/carla/Documents/Partyhub/api/node_modules/got/dist/source/core/index.js:970:111)
    at Object.onceWrapper (node:events:631:12)
{
  url: 'http://localhost:8080/api/users/1/profile-picture',
  protocol: 'HTTP',
  method: 'GET',
  headers: { Accept: '*/*', 'User-Agent': 'httpyac' },
  options: {
    cookieJar: CookieJar {
      rejectPublicSuffixes: true,
      enableLooseMode: false,
      allowSpecialUseDomain: true,
      prefixSecurity: 'silent',
      store: [MemoryCookieStore]
    },
    hooks: { beforeRedirect: [Array], beforeRequest: [Array] }
  },
  proxy: undefined
}

---------------------

=== GET: Profile picture for Sabine ===

init request
replace variables in request
perform Http Request (http://localhost:8080/api/users/5/profile-picture)
requestClient http://localhost:8080/api/users/5/profile-picture connect
request {
  decompress: true,
  retry: 0,
  throwHttpErrors: false,
  allowGetBody: true,
  timeout: 10000,
  https: undefined,
  method: 'GET',
  headers: { Accept: '*/*', 'User-Agent': 'httpyac' },
  body: undefined,
  cookieJar: CookieJar {
    rejectPublicSuffixes: true,
    enableLooseMode: false,
    allowSpecialUseDomain: true,
    prefixSecurity: 'silent',
    store: MemoryCookieStore {
      synchronous: true,
      idx: [Object: null prototype] {}
    }
  },
  hooks: {
    beforeRedirect: [ [AsyncFunction (anonymous)] ],
    beforeRequest: [ [Function (anonymous)] ]
  }
}
event uploadProgress for HTTP {"percent":0,"transferred":0}
requestClient http://localhost:8080/api/users/5/profile-picture disconnect

---------------------

GET {{baseUrl}}/{{sabine}}/profile-picture
✖ Test failed (    at ClientRequest.<anonymous> (/Users/carla/Documents/Partyhub/api/node_modules/got/dist/source/core/index.js:970: 111) - Object.onceWrapper (node:events:631:12)
RequestError
    at ClientRequest.<anonymous> (/Users/carla/Documents/Partyhub/api/node_modules/got/dist/source/core/index.js:970:111)
    at Object.onceWrapper (node:events:631:12)
✖ Test failed (    at ClientRequest.<anonymous> (/Users/carla/Documents/Partyhub/api/node_modules/got/dist/source/core/index.js:970: 111) - Object.onceWrapper (node:events:631:12)
RequestError
    at ClientRequest.<anonymous> (/Users/carla/Documents/Partyhub/api/node_modules/got/dist/source/core/index.js:970:111)
    at Object.onceWrapper (node:events:631:12)
{
  url: 'http://localhost:8080/api/users/5/profile-picture',
  protocol: 'HTTP',
  method: 'GET',
  headers: { Accept: '*/*', 'User-Agent': 'httpyac' },
  options: {
    cookieJar: CookieJar {
      rejectPublicSuffixes: true,
      enableLooseMode: false,
      allowSpecialUseDomain: true,
      prefixSecurity: 'silent',
      store: [MemoryCookieStore]
    },
    hooks: { beforeRedirect: [Array], beforeRequest: [Array] }
  },
  proxy: undefined
}

---------------------

=== GET: Profile picture for Mia ===

init request
replace variables in request
perform Http Request (http://localhost:8080/api/users/7/profile-picture)
requestClient http://localhost:8080/api/users/7/profile-picture connect
request {
  decompress: true,
  retry: 0,
  throwHttpErrors: false,
  allowGetBody: true,
  timeout: 10000,
  https: undefined,
  method: 'GET',
  headers: { Accept: '*/*', 'User-Agent': 'httpyac' },
  body: undefined,
  cookieJar: CookieJar {
    rejectPublicSuffixes: true,
    enableLooseMode: false,
    allowSpecialUseDomain: true,
    prefixSecurity: 'silent',
    store: MemoryCookieStore {
      synchronous: true,
      idx: [Object: null prototype] {}
    }
  },
  hooks: {
    beforeRedirect: [ [AsyncFunction (anonymous)] ],
    beforeRequest: [ [Function (anonymous)] ]
  }
}
event uploadProgress for HTTP {"percent":0,"transferred":0}
requestClient http://localhost:8080/api/users/7/profile-picture disconnect

---------------------

GET {{baseUrl}}/{{mia}}/profile-picture
✖ Test failed (    at ClientRequest.<anonymous> (/Users/carla/Documents/Partyhub/api/node_modules/got/dist/source/core/index.js:970: 111) - Object.onceWrapper (node:events:631:12)
RequestError
    at ClientRequest.<anonymous> (/Users/carla/Documents/Partyhub/api/node_modules/got/dist/source/core/index.js:970:111)
    at Object.onceWrapper (node:events:631:12)
✖ Test failed (    at ClientRequest.<anonymous> (/Users/carla/Documents/Partyhub/api/node_modules/got/dist/source/core/index.js:970: 111) - Object.onceWrapper (node:events:631:12)
RequestError
    at ClientRequest.<anonymous> (/Users/carla/Documents/Partyhub/api/node_modules/got/dist/source/core/index.js:970:111)
    at Object.onceWrapper (node:events:631:12)
{
  url: 'http://localhost:8080/api/users/7/profile-picture',
  protocol: 'HTTP',
  method: 'GET',
  headers: { Accept: '*/*', 'User-Agent': 'httpyac' },
  options: {
    cookieJar: CookieJar {
      rejectPublicSuffixes: true,
      enableLooseMode: false,
      allowSpecialUseDomain: true,
      prefixSecurity: 'silent',
      store: [MemoryCookieStore]
    },
    hooks: { beforeRedirect: [Array], beforeRequest: [Array] }
  },
  proxy: undefined
}

---------------------

=== GET: Profile picture filename for Anna ===

init request
replace variables in request
perform Http Request (http://localhost:8080/api/users/1/profile-picture-filename)
requestClient http://localhost:8080/api/users/1/profile-picture-filename connect
request {
  decompress: true,
  retry: 0,
  throwHttpErrors: false,
  allowGetBody: true,
  timeout: 10000,
  https: undefined,
  method: 'GET',
  headers: { Accept: '*/*', 'User-Agent': 'httpyac' },
  body: undefined,
  cookieJar: CookieJar {
    rejectPublicSuffixes: true,
    enableLooseMode: false,
    allowSpecialUseDomain: true,
    prefixSecurity: 'silent',
    store: MemoryCookieStore {
      synchronous: true,
      idx: [Object: null prototype] {}
    }
  },
  hooks: {
    beforeRedirect: [ [AsyncFunction (anonymous)] ],
    beforeRequest: [ [Function (anonymous)] ]
  }
}
event uploadProgress for HTTP {"percent":0,"transferred":0}
requestClient http://localhost:8080/api/users/1/profile-picture-filename disconnect

---------------------

GET {{baseUrl}}/{{anna}}/profile-picture-filename
✖ Test failed (    at ClientRequest.<anonymous> (/Users/carla/Documents/Partyhub/api/node_modules/got/dist/source/core/index.js:970: 111) - Object.onceWrapper (node:events:631:12)
RequestError
    at ClientRequest.<anonymous> (/Users/carla/Documents/Partyhub/api/node_modules/got/dist/source/core/index.js:970:111)
    at Object.onceWrapper (node:events:631:12)
✖ Test failed (    at ClientRequest.<anonymous> (/Users/carla/Documents/Partyhub/api/node_modules/got/dist/source/core/index.js:970: 111) - Object.onceWrapper (node:events:631:12)
RequestError
    at ClientRequest.<anonymous> (/Users/carla/Documents/Partyhub/api/node_modules/got/dist/source/core/index.js:970:111)
    at Object.onceWrapper (node:events:631:12)
{
  url: 'http://localhost:8080/api/users/1/profile-picture-filename',
  protocol: 'HTTP',
  method: 'GET',
  headers: { Accept: '*/*', 'User-Agent': 'httpyac' },
  options: {
    cookieJar: CookieJar {
      rejectPublicSuffixes: true,
      enableLooseMode: false,
      allowSpecialUseDomain: true,
      prefixSecurity: 'silent',
      store: [MemoryCookieStore]
    },
    hooks: { beforeRedirect: [Array], beforeRequest: [Array] }
  },
  proxy: undefined
}

---------------------

=== GET: Profile picture filename for Mia ===

init request
replace variables in request
perform Http Request (http://localhost:8080/api/users/7/profile-picture-filename)
requestClient http://localhost:8080/api/users/7/profile-picture-filename connect
request {
  decompress: true,
  retry: 0,
  throwHttpErrors: false,
  allowGetBody: true,
  timeout: 10000,
  https: undefined,
  method: 'GET',
  headers: { Accept: '*/*', 'User-Agent': 'httpyac' },
  body: undefined,
  cookieJar: CookieJar {
    rejectPublicSuffixes: true,
    enableLooseMode: false,
    allowSpecialUseDomain: true,
    prefixSecurity: 'silent',
    store: MemoryCookieStore {
      synchronous: true,
      idx: [Object: null prototype] {}
    }
  },
  hooks: {
    beforeRedirect: [ [AsyncFunction (anonymous)] ],
    beforeRequest: [ [Function (anonymous)] ]
  }
}
event uploadProgress for HTTP {"percent":0,"transferred":0}
requestClient http://localhost:8080/api/users/7/profile-picture-filename disconnect

---------------------

GET {{baseUrl}}/{{mia}}/profile-picture-filename
✖ Test failed (    at ClientRequest.<anonymous> (/Users/carla/Documents/Partyhub/api/node_modules/got/dist/source/core/index.js:970: 111) - Object.onceWrapper (node:events:631:12)
RequestError
    at ClientRequest.<anonymous> (/Users/carla/Documents/Partyhub/api/node_modules/got/dist/source/core/index.js:970:111)
    at Object.onceWrapper (node:events:631:12)
✖ Test failed (    at ClientRequest.<anonymous> (/Users/carla/Documents/Partyhub/api/node_modules/got/dist/source/core/index.js:970: 111) - Object.onceWrapper (node:events:631:12)
RequestError
    at ClientRequest.<anonymous> (/Users/carla/Documents/Partyhub/api/node_modules/got/dist/source/core/index.js:970:111)
    at Object.onceWrapper (node:events:631:12)
{
  url: 'http://localhost:8080/api/users/7/profile-picture-filename',
  protocol: 'HTTP',
  method: 'GET',
  headers: { Accept: '*/*', 'User-Agent': 'httpyac' },
  options: {
    cookieJar: CookieJar {
      rejectPublicSuffixes: true,
      enableLooseMode: false,
      allowSpecialUseDomain: true,
      prefixSecurity: 'silent',
      store: [MemoryCookieStore]
    },
    hooks: { beforeRedirect: [Array], beforeRequest: [Array] }
  },
  proxy: undefined
}

---------------------

=== GET: Unknown user profile picture ===

init request
replace variables in request
perform Http Request (http://localhost:8080/api/users/99999/profile-picture)
requestClient http://localhost:8080/api/users/99999/profile-picture connect
request {
  decompress: true,
  retry: 0,
  throwHttpErrors: false,
  allowGetBody: true,
  timeout: 10000,
  https: undefined,
  method: 'GET',
  headers: { Accept: '*/*', 'User-Agent': 'httpyac' },
  body: undefined,
  cookieJar: CookieJar {
    rejectPublicSuffixes: true,
    enableLooseMode: false,
    allowSpecialUseDomain: true,
    prefixSecurity: 'silent',
    store: MemoryCookieStore {
      synchronous: true,
      idx: [Object: null prototype] {}
    }
  },
  hooks: {
    beforeRedirect: [ [AsyncFunction (anonymous)] ],
    beforeRequest: [ [Function (anonymous)] ]
  }
}
event uploadProgress for HTTP {"percent":0,"transferred":0}
requestClient http://localhost:8080/api/users/99999/profile-picture disconnect

---------------------

GET {{baseUrl}}/99999/profile-picture
✖ Test failed (    at ClientRequest.<anonymous> (/Users/carla/Documents/Partyhub/api/node_modules/got/dist/source/core/index.js:970: 111) - Object.onceWrapper (node:events:631:12)
RequestError
    at ClientRequest.<anonymous> (/Users/carla/Documents/Partyhub/api/node_modules/got/dist/source/core/index.js:970:111)
    at Object.onceWrapper (node:events:631:12)
✖ Test failed (    at ClientRequest.<anonymous> (/Users/carla/Documents/Partyhub/api/node_modules/got/dist/source/core/index.js:970: 111) - Object.onceWrapper (node:events:631:12)
RequestError
    at ClientRequest.<anonymous> (/Users/carla/Documents/Partyhub/api/node_modules/got/dist/source/core/index.js:970:111)
    at Object.onceWrapper (node:events:631:12)
{
  url: 'http://localhost:8080/api/users/99999/profile-picture',
  protocol: 'HTTP',
  method: 'GET',
  headers: { Accept: '*/*', 'User-Agent': 'httpyac' },
  options: {
    cookieJar: CookieJar {
      rejectPublicSuffixes: true,
      enableLooseMode: false,
      allowSpecialUseDomain: true,
      prefixSecurity: 'silent',
      store: [MemoryCookieStore]
    },
    hooks: { beforeRedirect: [Array], beforeRequest: [Array] }
  },
  proxy: undefined
}
current environment variables { '$global': {}, '$getOAuth2Response': [AsyncFunction: mt] }

---------------------

=== Generate QR payload for Anna ===

--------------------- /Users/carla/Documents/Partyhub/api/qr.http  --
init request
replace variables in request
perform Http Request (http://localhost:8080/api/qr/generate?userId=1)
requestClient http://localhost:8080/api/qr/generate?userId=1 connect
request {
  decompress: true,
  retry: 0,
  throwHttpErrors: false,
  allowGetBody: true,
  timeout: 10000,
  https: undefined,
  method: 'GET',
  headers: { Accept: '*/*', 'User-Agent': 'httpyac' },
  body: undefined,
  cookieJar: CookieJar {
    rejectPublicSuffixes: true,
    enableLooseMode: false,
    allowSpecialUseDomain: true,
    prefixSecurity: 'silent',
    store: MemoryCookieStore {
      synchronous: true,
      idx: [Object: null prototype] {}
    }
  },
  hooks: {
    beforeRedirect: [ [AsyncFunction (anonymous)] ],
    beforeRequest: [ [Function (anonymous)] ]
  }
}
event uploadProgress for HTTP {"percent":0,"transferred":0}
requestClient http://localhost:8080/api/qr/generate?userId=1 disconnect

---------------------

GET {{baseUrl}}/generate?userId=1
✖ Test failed (    at ClientRequest.<anonymous> (/Users/carla/Documents/Partyhub/api/node_modules/got/dist/source/core/index.js:970: 111) - Object.onceWrapper (node:events:631:12)
RequestError
    at ClientRequest.<anonymous> (/Users/carla/Documents/Partyhub/api/node_modules/got/dist/source/core/index.js:970:111)
    at Object.onceWrapper (node:events:631:12)
✖ Test failed (    at ClientRequest.<anonymous> (/Users/carla/Documents/Partyhub/api/node_modules/got/dist/source/core/index.js:970: 111) - Object.onceWrapper (node:events:631:12)
RequestError
    at ClientRequest.<anonymous> (/Users/carla/Documents/Partyhub/api/node_modules/got/dist/source/core/index.js:970:111)
    at Object.onceWrapper (node:events:631:12)
{
  url: 'http://localhost:8080/api/qr/generate?userId=1',
  protocol: 'HTTP',
  method: 'GET',
  headers: { Accept: '*/*', 'User-Agent': 'httpyac' },
  options: {
    cookieJar: CookieJar {
      rejectPublicSuffixes: true,
      enableLooseMode: false,
      allowSpecialUseDomain: true,
      prefixSecurity: 'silent',
      store: [MemoryCookieStore]
    },
    hooks: { beforeRedirect: [Array], beforeRequest: [Array] }
  },
  proxy: undefined
}

---------------------

=== Generate QR needs userId ===

init request
replace variables in request
perform Http Request (http://localhost:8080/api/qr/generate)
requestClient http://localhost:8080/api/qr/generate connect
request {
  decompress: true,
  retry: 0,
  throwHttpErrors: false,
  allowGetBody: true,
  timeout: 10000,
  https: undefined,
  method: 'GET',
  headers: { Accept: '*/*', 'User-Agent': 'httpyac' },
  body: undefined,
  cookieJar: CookieJar {
    rejectPublicSuffixes: true,
    enableLooseMode: false,
    allowSpecialUseDomain: true,
    prefixSecurity: 'silent',
    store: MemoryCookieStore {
      synchronous: true,
      idx: [Object: null prototype] {}
    }
  },
  hooks: {
    beforeRedirect: [ [AsyncFunction (anonymous)] ],
    beforeRequest: [ [Function (anonymous)] ]
  }
}
event uploadProgress for HTTP {"percent":0,"transferred":0}
requestClient http://localhost:8080/api/qr/generate disconnect

---------------------

GET {{baseUrl}}/generate
✖ Test failed (    at ClientRequest.<anonymous> (/Users/carla/Documents/Partyhub/api/node_modules/got/dist/source/core/index.js:970: 111) - Object.onceWrapper (node:events:631:12)
RequestError
    at ClientRequest.<anonymous> (/Users/carla/Documents/Partyhub/api/node_modules/got/dist/source/core/index.js:970:111)
    at Object.onceWrapper (node:events:631:12)
✖ Test failed (    at ClientRequest.<anonymous> (/Users/carla/Documents/Partyhub/api/node_modules/got/dist/source/core/index.js:970: 111) - Object.onceWrapper (node:events:631:12)
RequestError
    at ClientRequest.<anonymous> (/Users/carla/Documents/Partyhub/api/node_modules/got/dist/source/core/index.js:970:111)
    at Object.onceWrapper (node:events:631:12)
{
  url: 'http://localhost:8080/api/qr/generate',
  protocol: 'HTTP',
  method: 'GET',
  headers: { Accept: '*/*', 'User-Agent': 'httpyac' },
  options: {
    cookieJar: CookieJar {
      rejectPublicSuffixes: true,
      enableLooseMode: false,
      allowSpecialUseDomain: true,
      prefixSecurity: 'silent',
      store: [MemoryCookieStore]
    },
    hooks: { beforeRedirect: [Array], beforeRequest: [Array] }
  },
  proxy: undefined
}

---------------------

=== Generate QR for unknown user ===

init request
replace variables in request
perform Http Request (http://localhost:8080/api/qr/generate?userId=99999)
requestClient http://localhost:8080/api/qr/generate?userId=99999 connect
request {
  decompress: true,
  retry: 0,
  throwHttpErrors: false,
  allowGetBody: true,
  timeout: 10000,
  https: undefined,
  method: 'GET',
  headers: { Accept: '*/*', 'User-Agent': 'httpyac' },
  body: undefined,
  cookieJar: CookieJar {
    rejectPublicSuffixes: true,
    enableLooseMode: false,
    allowSpecialUseDomain: true,
    prefixSecurity: 'silent',
    store: MemoryCookieStore {
      synchronous: true,
      idx: [Object: null prototype] {}
    }
  },
  hooks: {
    beforeRedirect: [ [AsyncFunction (anonymous)] ],
    beforeRequest: [ [Function (anonymous)] ]
  }
}
event uploadProgress for HTTP {"percent":0,"transferred":0}
requestClient http://localhost:8080/api/qr/generate?userId=99999 disconnect

---------------------

GET {{baseUrl}}/generate?userId=99999
✖ Test failed (    at ClientRequest.<anonymous> (/Users/carla/Documents/Partyhub/api/node_modules/got/dist/source/core/index.js:970: 111) - Object.onceWrapper (node:events:631:12)
RequestError
    at ClientRequest.<anonymous> (/Users/carla/Documents/Partyhub/api/node_modules/got/dist/source/core/index.js:970:111)
    at Object.onceWrapper (node:events:631:12)
✖ Test failed (    at ClientRequest.<anonymous> (/Users/carla/Documents/Partyhub/api/node_modules/got/dist/source/core/index.js:970: 111) - Object.onceWrapper (node:events:631:12)
RequestError
    at ClientRequest.<anonymous> (/Users/carla/Documents/Partyhub/api/node_modules/got/dist/source/core/index.js:970:111)
    at Object.onceWrapper (node:events:631:12)
{
  url: 'http://localhost:8080/api/qr/generate?userId=99999',
  protocol: 'HTTP',
  method: 'GET',
  headers: { Accept: '*/*', 'User-Agent': 'httpyac' },
  options: {
    cookieJar: CookieJar {
      rejectPublicSuffixes: true,
      enableLooseMode: false,
      allowSpecialUseDomain: true,
      prefixSecurity: 'silent',
      store: [MemoryCookieStore]
    },
    hooks: { beforeRedirect: [Array], beforeRequest: [Array] }
  },
  proxy: undefined
}

---------------------

=== Seed QR token status ===

init request
replace variables in request
perform Http Request (http://localhost:8080/api/qr/status/qr-login-anna-20260501)
requestClient http://localhost:8080/api/qr/status/qr-login-anna-20260501 connect
request {
  decompress: true,
  retry: 0,
  throwHttpErrors: false,
  allowGetBody: true,
  timeout: 10000,
  https: undefined,
  method: 'GET',
  headers: { Accept: '*/*', 'User-Agent': 'httpyac' },
  body: undefined,
  cookieJar: CookieJar {
    rejectPublicSuffixes: true,
    enableLooseMode: false,
    allowSpecialUseDomain: true,
    prefixSecurity: 'silent',
    store: MemoryCookieStore {
      synchronous: true,
      idx: [Object: null prototype] {}
    }
  },
  hooks: {
    beforeRedirect: [ [AsyncFunction (anonymous)] ],
    beforeRequest: [ [Function (anonymous)] ]
  }
}
event uploadProgress for HTTP {"percent":0,"transferred":0}
requestClient http://localhost:8080/api/qr/status/qr-login-anna-20260501 disconnect

---------------------

GET {{baseUrl}}/status/{{annaQrToken}}
✖ Test failed (    at ClientRequest.<anonymous> (/Users/carla/Documents/Partyhub/api/node_modules/got/dist/source/core/index.js:970: 111) - Object.onceWrapper (node:events:631:12)
RequestError
    at ClientRequest.<anonymous> (/Users/carla/Documents/Partyhub/api/node_modules/got/dist/source/core/index.js:970:111)
    at Object.onceWrapper (node:events:631:12)
✖ Test failed (    at ClientRequest.<anonymous> (/Users/carla/Documents/Partyhub/api/node_modules/got/dist/source/core/index.js:970: 111) - Object.onceWrapper (node:events:631:12)
RequestError
    at ClientRequest.<anonymous> (/Users/carla/Documents/Partyhub/api/node_modules/got/dist/source/core/index.js:970:111)
    at Object.onceWrapper (node:events:631:12)
{
  url: 'http://localhost:8080/api/qr/status/qr-login-anna-20260501',
  protocol: 'HTTP',
  method: 'GET',
  headers: { Accept: '*/*', 'User-Agent': 'httpyac' },
  options: {
    cookieJar: CookieJar {
      rejectPublicSuffixes: true,
      enableLooseMode: false,
      allowSpecialUseDomain: true,
      prefixSecurity: 'silent',
      store: [MemoryCookieStore]
    },
    hooks: { beforeRedirect: [Array], beforeRequest: [Array] }
  },
  proxy: undefined
}

---------------------

=== Unknown QR token status ===

init request
replace variables in request
perform Http Request (http://localhost:8080/api/qr/status/does-not-exist)
requestClient http://localhost:8080/api/qr/status/does-not-exist connect
request {
  decompress: true,
  retry: 0,
  throwHttpErrors: false,
  allowGetBody: true,
  timeout: 10000,
  https: undefined,
  method: 'GET',
  headers: { Accept: '*/*', 'User-Agent': 'httpyac' },
  body: undefined,
  cookieJar: CookieJar {
    rejectPublicSuffixes: true,
    enableLooseMode: false,
    allowSpecialUseDomain: true,
    prefixSecurity: 'silent',
    store: MemoryCookieStore {
      synchronous: true,
      idx: [Object: null prototype] {}
    }
  },
  hooks: {
    beforeRedirect: [ [AsyncFunction (anonymous)] ],
    beforeRequest: [ [Function (anonymous)] ]
  }
}
event uploadProgress for HTTP {"percent":0,"transferred":0}
requestClient http://localhost:8080/api/qr/status/does-not-exist disconnect

---------------------

GET {{baseUrl}}/status/does-not-exist
✖ Test failed (    at ClientRequest.<anonymous> (/Users/carla/Documents/Partyhub/api/node_modules/got/dist/source/core/index.js:970: 111) - Object.onceWrapper (node:events:631:12)
RequestError
    at ClientRequest.<anonymous> (/Users/carla/Documents/Partyhub/api/node_modules/got/dist/source/core/index.js:970:111)
    at Object.onceWrapper (node:events:631:12)
✖ Test failed (    at ClientRequest.<anonymous> (/Users/carla/Documents/Partyhub/api/node_modules/got/dist/source/core/index.js:970: 111) - Object.onceWrapper (node:events:631:12)
RequestError
    at ClientRequest.<anonymous> (/Users/carla/Documents/Partyhub/api/node_modules/got/dist/source/core/index.js:970:111)
    at Object.onceWrapper (node:events:631:12)
{
  url: 'http://localhost:8080/api/qr/status/does-not-exist',
  protocol: 'HTTP',
  method: 'GET',
  headers: { Accept: '*/*', 'User-Agent': 'httpyac' },
  options: {
    cookieJar: CookieJar {
      rejectPublicSuffixes: true,
      enableLooseMode: false,
      allowSpecialUseDomain: true,
      prefixSecurity: 'silent',
      store: [MemoryCookieStore]
    },
    hooks: { beforeRedirect: [Array], beforeRequest: [Array] }
  },
  proxy: undefined
}

---------------------

=== QR image by user ===

init request
replace variables in request
perform Http Request (http://localhost:8080/api/qr/image/user/1)
requestClient http://localhost:8080/api/qr/image/user/1 connect
request {
  decompress: true,
  retry: 0,
  throwHttpErrors: false,
  allowGetBody: true,
  timeout: 10000,
  https: undefined,
  method: 'GET',
  headers: { Accept: '*/*', 'User-Agent': 'httpyac' },
  body: undefined,
  cookieJar: CookieJar {
    rejectPublicSuffixes: true,
    enableLooseMode: false,
    allowSpecialUseDomain: true,
    prefixSecurity: 'silent',
    store: MemoryCookieStore {
      synchronous: true,
      idx: [Object: null prototype] {}
    }
  },
  hooks: {
    beforeRedirect: [ [AsyncFunction (anonymous)] ],
    beforeRequest: [ [Function (anonymous)] ]
  }
}
event uploadProgress for HTTP {"percent":0,"transferred":0}
requestClient http://localhost:8080/api/qr/image/user/1 disconnect

---------------------

GET {{baseUrl}}/image/user/1
✖ Test failed (    at ClientRequest.<anonymous> (/Users/carla/Documents/Partyhub/api/node_modules/got/dist/source/core/index.js:970: 111) - Object.onceWrapper (node:events:631:12)
RequestError
    at ClientRequest.<anonymous> (/Users/carla/Documents/Partyhub/api/node_modules/got/dist/source/core/index.js:970:111)
    at Object.onceWrapper (node:events:631:12)
✖ Test failed (    at ClientRequest.<anonymous> (/Users/carla/Documents/Partyhub/api/node_modules/got/dist/source/core/index.js:970: 111) - Object.onceWrapper (node:events:631:12)
RequestError
    at ClientRequest.<anonymous> (/Users/carla/Documents/Partyhub/api/node_modules/got/dist/source/core/index.js:970:111)
    at Object.onceWrapper (node:events:631:12)
{
  url: 'http://localhost:8080/api/qr/image/user/1',
  protocol: 'HTTP',
  method: 'GET',
  headers: { Accept: '*/*', 'User-Agent': 'httpyac' },
  options: {
    cookieJar: CookieJar {
      rejectPublicSuffixes: true,
      enableLooseMode: false,
      allowSpecialUseDomain: true,
      prefixSecurity: 'silent',
      store: [MemoryCookieStore]
    },
    hooks: { beforeRedirect: [Array], beforeRequest: [Array] }
  },
  proxy: undefined
}

---------------------

=== QR image by unknown user ===

init request
replace variables in request
perform Http Request (http://localhost:8080/api/qr/image/user/99999)
requestClient http://localhost:8080/api/qr/image/user/99999 connect
request {
  decompress: true,
  retry: 0,
  throwHttpErrors: false,
  allowGetBody: true,
  timeout: 10000,
  https: undefined,
  method: 'GET',
  headers: { Accept: '*/*', 'User-Agent': 'httpyac' },
  body: undefined,
  cookieJar: CookieJar {
    rejectPublicSuffixes: true,
    enableLooseMode: false,
    allowSpecialUseDomain: true,
    prefixSecurity: 'silent',
    store: MemoryCookieStore {
      synchronous: true,
      idx: [Object: null prototype] {}
    }
  },
  hooks: {
    beforeRedirect: [ [AsyncFunction (anonymous)] ],
    beforeRequest: [ [Function (anonymous)] ]
  }
}
event uploadProgress for HTTP {"percent":0,"transferred":0}
requestClient http://localhost:8080/api/qr/image/user/99999 disconnect

---------------------

GET {{baseUrl}}/image/user/99999
✖ Test failed (    at ClientRequest.<anonymous> (/Users/carla/Documents/Partyhub/api/node_modules/got/dist/source/core/index.js:970: 111) - Object.onceWrapper (node:events:631:12)
RequestError
    at ClientRequest.<anonymous> (/Users/carla/Documents/Partyhub/api/node_modules/got/dist/source/core/index.js:970:111)
    at Object.onceWrapper (node:events:631:12)
✖ Test failed (    at ClientRequest.<anonymous> (/Users/carla/Documents/Partyhub/api/node_modules/got/dist/source/core/index.js:970: 111) - Object.onceWrapper (node:events:631:12)
RequestError
    at ClientRequest.<anonymous> (/Users/carla/Documents/Partyhub/api/node_modules/got/dist/source/core/index.js:970:111)
    at Object.onceWrapper (node:events:631:12)
{
  url: 'http://localhost:8080/api/qr/image/user/99999',
  protocol: 'HTTP',
  method: 'GET',
  headers: { Accept: '*/*', 'User-Agent': 'httpyac' },
  options: {
    cookieJar: CookieJar {
      rejectPublicSuffixes: true,
      enableLooseMode: false,
      allowSpecialUseDomain: true,
      prefixSecurity: 'silent',
      store: [MemoryCookieStore]
    },
    hooks: { beforeRedirect: [Array], beforeRequest: [Array] }
  },
  proxy: undefined
}

---------------------

=== QR image by seed token ===

init request
replace variables in request
perform Http Request (http://localhost:8080/api/qr/image/qr-login-anna-20260501)
requestClient http://localhost:8080/api/qr/image/qr-login-anna-20260501 connect
request {
  decompress: true,
  retry: 0,
  throwHttpErrors: false,
  allowGetBody: true,
  timeout: 10000,
  https: undefined,
  method: 'GET',
  headers: { Accept: '*/*', 'User-Agent': 'httpyac' },
  body: undefined,
  cookieJar: CookieJar {
    rejectPublicSuffixes: true,
    enableLooseMode: false,
    allowSpecialUseDomain: true,
    prefixSecurity: 'silent',
    store: MemoryCookieStore {
      synchronous: true,
      idx: [Object: null prototype] {}
    }
  },
  hooks: {
    beforeRedirect: [ [AsyncFunction (anonymous)] ],
    beforeRequest: [ [Function (anonymous)] ]
  }
}
event uploadProgress for HTTP {"percent":0,"transferred":0}
requestClient http://localhost:8080/api/qr/image/qr-login-anna-20260501 disconnect

---------------------

GET {{baseUrl}}/image/{{annaQrToken}}
✖ Test failed (    at ClientRequest.<anonymous> (/Users/carla/Documents/Partyhub/api/node_modules/got/dist/source/core/index.js:970: 111) - Object.onceWrapper (node:events:631:12)
RequestError
    at ClientRequest.<anonymous> (/Users/carla/Documents/Partyhub/api/node_modules/got/dist/source/core/index.js:970:111)
    at Object.onceWrapper (node:events:631:12)
✖ Test failed (    at ClientRequest.<anonymous> (/Users/carla/Documents/Partyhub/api/node_modules/got/dist/source/core/index.js:970: 111) - Object.onceWrapper (node:events:631:12)
RequestError
    at ClientRequest.<anonymous> (/Users/carla/Documents/Partyhub/api/node_modules/got/dist/source/core/index.js:970:111)
    at Object.onceWrapper (node:events:631:12)
{
  url: 'http://localhost:8080/api/qr/image/qr-login-anna-20260501',
  protocol: 'HTTP',
  method: 'GET',
  headers: { Accept: '*/*', 'User-Agent': 'httpyac' },
  options: {
    cookieJar: CookieJar {
      rejectPublicSuffixes: true,
      enableLooseMode: false,
      allowSpecialUseDomain: true,
      prefixSecurity: 'silent',
      store: [MemoryCookieStore]
    },
    hooks: { beforeRedirect: [Array], beforeRequest: [Array] }
  },
  proxy: undefined
}

---------------------

=== QR image by unknown token ===

init request
replace variables in request
perform Http Request (http://localhost:8080/api/qr/image/does-not-exist)
requestClient http://localhost:8080/api/qr/image/does-not-exist connect
request {
  decompress: true,
  retry: 0,
  throwHttpErrors: false,
  allowGetBody: true,
  timeout: 10000,
  https: undefined,
  method: 'GET',
  headers: { Accept: '*/*', 'User-Agent': 'httpyac' },
  body: undefined,
  cookieJar: CookieJar {
    rejectPublicSuffixes: true,
    enableLooseMode: false,
    allowSpecialUseDomain: true,
    prefixSecurity: 'silent',
    store: MemoryCookieStore {
      synchronous: true,
      idx: [Object: null prototype] {}
    }
  },
  hooks: {
    beforeRedirect: [ [AsyncFunction (anonymous)] ],
    beforeRequest: [ [Function (anonymous)] ]
  }
}
event uploadProgress for HTTP {"percent":0,"transferred":0}
requestClient http://localhost:8080/api/qr/image/does-not-exist disconnect

---------------------

GET {{baseUrl}}/image/does-not-exist
✖ Test failed (    at ClientRequest.<anonymous> (/Users/carla/Documents/Partyhub/api/node_modules/got/dist/source/core/index.js:970: 111) - Object.onceWrapper (node:events:631:12)
RequestError
    at ClientRequest.<anonymous> (/Users/carla/Documents/Partyhub/api/node_modules/got/dist/source/core/index.js:970:111)
    at Object.onceWrapper (node:events:631:12)
✖ Test failed (    at ClientRequest.<anonymous> (/Users/carla/Documents/Partyhub/api/node_modules/got/dist/source/core/index.js:970: 111) - Object.onceWrapper (node:events:631:12)
RequestError
    at ClientRequest.<anonymous> (/Users/carla/Documents/Partyhub/api/node_modules/got/dist/source/core/index.js:970:111)
    at Object.onceWrapper (node:events:631:12)
{
  url: 'http://localhost:8080/api/qr/image/does-not-exist',
  protocol: 'HTTP',
  method: 'GET',
  headers: { Accept: '*/*', 'User-Agent': 'httpyac' },
  options: {
    cookieJar: CookieJar {
      rejectPublicSuffixes: true,
      enableLooseMode: false,
      allowSpecialUseDomain: true,
      prefixSecurity: 'silent',
      store: [MemoryCookieStore]
    },
    hooks: { beforeRedirect: [Array], beforeRequest: [Array] }
  },
  proxy: undefined
}

---------------------

=== Exchange needs token ===

init request
replace variables in request
perform Http Request (http://localhost:8080/api/qr/exchange)
requestClient http://localhost:8080/api/qr/exchange connect
request {
  decompress: true,
  retry: 0,
  throwHttpErrors: false,
  allowGetBody: true,
  timeout: 10000,
  https: undefined,
  method: 'POST',
  headers: {
    'Content-Type': 'application/json',
    Accept: '*/*',
    'User-Agent': 'httpyac'
  },
  body: '{}',
  cookieJar: CookieJar {
    rejectPublicSuffixes: true,
    enableLooseMode: false,
    allowSpecialUseDomain: true,
    prefixSecurity: 'silent',
    store: MemoryCookieStore {
      synchronous: true,
      idx: [Object: null prototype] {}
    }
  },
  hooks: {
    beforeRedirect: [ [AsyncFunction (anonymous)] ],
    beforeRequest: [ [Function (anonymous)] ]
  }
}
event uploadProgress for HTTP {"percent":0,"transferred":0,"total":2}
requestClient http://localhost:8080/api/qr/exchange disconnect

---------------------

POST {{baseUrl}}/exchange
Content-Type: application/json

{}
✖ Test failed (    at ClientRequest.<anonymous> (/Users/carla/Documents/Partyhub/api/node_modules/got/dist/source/core/index.js:970: 111) - Object.onceWrapper (node:events:631:12)
RequestError
    at ClientRequest.<anonymous> (/Users/carla/Documents/Partyhub/api/node_modules/got/dist/source/core/index.js:970:111)
    at Object.onceWrapper (node:events:631:12)
✖ Test failed (    at ClientRequest.<anonymous> (/Users/carla/Documents/Partyhub/api/node_modules/got/dist/source/core/index.js:970: 111) - Object.onceWrapper (node:events:631:12)
RequestError
    at ClientRequest.<anonymous> (/Users/carla/Documents/Partyhub/api/node_modules/got/dist/source/core/index.js:970:111)
    at Object.onceWrapper (node:events:631:12)
{
  url: 'http://localhost:8080/api/qr/exchange',
  protocol: 'HTTP',
  method: 'POST',
  headers: {
    'Content-Type': 'application/json',
    Accept: '*/*',
    'User-Agent': 'httpyac'
  },
  contentType: {
    mimeType: 'application/json',
    contentType: 'application/json',
    charset: undefined,
    boundary: undefined
  },
  body: '{}',
  options: {
    cookieJar: CookieJar {
      rejectPublicSuffixes: true,
      enableLooseMode: false,
      allowSpecialUseDomain: true,
      prefixSecurity: 'silent',
      store: [MemoryCookieStore]
    },
    hooks: { beforeRedirect: [Array], beforeRequest: [Array] }
  },
  proxy: undefined
}

---------------------

=== Exchange rejects unknown token ===

init request
replace variables in request
perform Http Request (http://localhost:8080/api/qr/exchange)
requestClient http://localhost:8080/api/qr/exchange connect
request {
  decompress: true,
  retry: 0,
  throwHttpErrors: false,
  allowGetBody: true,
  timeout: 10000,
  https: undefined,
  method: 'POST',
  headers: {
    'Content-Type': 'application/json',
    Accept: '*/*',
    'User-Agent': 'httpyac'
  },
  body: '{\n  "token": "does-not-exist"\n}',
  cookieJar: CookieJar {
    rejectPublicSuffixes: true,
    enableLooseMode: false,
    allowSpecialUseDomain: true,
    prefixSecurity: 'silent',
    store: MemoryCookieStore {
      synchronous: true,
      idx: [Object: null prototype] {}
    }
  },
  hooks: {
    beforeRedirect: [ [AsyncFunction (anonymous)] ],
    beforeRequest: [ [Function (anonymous)] ]
  }
}
event uploadProgress for HTTP {"percent":0,"transferred":0,"total":31}
requestClient http://localhost:8080/api/qr/exchange disconnect

---------------------

POST {{baseUrl}}/exchange
Content-Type: application/json

{
  "token": "does-not-exist"
}
✖ Test failed (    at ClientRequest.<anonymous> (/Users/carla/Documents/Partyhub/api/node_modules/got/dist/source/core/index.js:970: 111) - Object.onceWrapper (node:events:631:12)
RequestError
    at ClientRequest.<anonymous> (/Users/carla/Documents/Partyhub/api/node_modules/got/dist/source/core/index.js:970:111)
    at Object.onceWrapper (node:events:631:12)
✖ Test failed (    at ClientRequest.<anonymous> (/Users/carla/Documents/Partyhub/api/node_modules/got/dist/source/core/index.js:970: 111) - Object.onceWrapper (node:events:631:12)
RequestError
    at ClientRequest.<anonymous> (/Users/carla/Documents/Partyhub/api/node_modules/got/dist/source/core/index.js:970:111)
    at Object.onceWrapper (node:events:631:12)
{
  url: 'http://localhost:8080/api/qr/exchange',
  protocol: 'HTTP',
  method: 'POST',
  headers: {
    'Content-Type': 'application/json',
    Accept: '*/*',
    'User-Agent': 'httpyac'
  },
  contentType: {
    mimeType: 'application/json',
    contentType: 'application/json',
    charset: undefined,
    boundary: undefined
  },
  body: '{\n  "token": "does-not-exist"\n}',
  options: {
    cookieJar: CookieJar {
      rejectPublicSuffixes: true,
      enableLooseMode: false,
      allowSpecialUseDomain: true,
      prefixSecurity: 'silent',
      store: [MemoryCookieStore]
    },
    hooks: { beforeRedirect: [Array], beforeRequest: [Array] }
  },
  proxy: undefined
}
current environment variables { '$global': {}, '$getOAuth2Response': [AsyncFunction: mt] }

---------------------

=== Seed: get all users from import.sql ===

--------------------- /Users/carla/Documents/Partyhub/api/user.http  --
init request
replace variables in request
perform Http Request (http://localhost:8080/api/users)
requestClient http://localhost:8080/api/users connect
request {
  decompress: true,
  retry: 0,
  throwHttpErrors: false,
  allowGetBody: true,
  timeout: 10000,
  https: undefined,
  method: 'GET',
  headers: { Accept: '*/*', 'User-Agent': 'httpyac' },
  body: undefined,
  cookieJar: CookieJar {
    rejectPublicSuffixes: true,
    enableLooseMode: false,
    allowSpecialUseDomain: true,
    prefixSecurity: 'silent',
    store: MemoryCookieStore {
      synchronous: true,
      idx: [Object: null prototype] {}
    }
  },
  hooks: {
    beforeRedirect: [ [AsyncFunction (anonymous)] ],
    beforeRequest: [ [Function (anonymous)] ]
  }
}
event uploadProgress for HTTP {"percent":0,"transferred":0}
requestClient http://localhost:8080/api/users disconnect

---------------------

GET {{baseUrl}}
✖ Test failed (    at ClientRequest.<anonymous> (/Users/carla/Documents/Partyhub/api/node_modules/got/dist/source/core/index.js:970: 111) - Object.onceWrapper (node:events:631:12)
RequestError
    at ClientRequest.<anonymous> (/Users/carla/Documents/Partyhub/api/node_modules/got/dist/source/core/index.js:970:111)
    at Object.onceWrapper (node:events:631:12)
✖ Test failed (    at ClientRequest.<anonymous> (/Users/carla/Documents/Partyhub/api/node_modules/got/dist/source/core/index.js:970: 111) - Object.onceWrapper (node:events:631:12)
RequestError
    at ClientRequest.<anonymous> (/Users/carla/Documents/Partyhub/api/node_modules/got/dist/source/core/index.js:970:111)
    at Object.onceWrapper (node:events:631:12)
{
  url: 'http://localhost:8080/api/users',
  protocol: 'HTTP',
  method: 'GET',
  headers: { Accept: '*/*', 'User-Agent': 'httpyac' },
  options: {
    cookieJar: CookieJar {
      rejectPublicSuffixes: true,
      enableLooseMode: false,
      allowSpecialUseDomain: true,
      prefixSecurity: 'silent',
      store: [MemoryCookieStore]
    },
    hooks: { beforeRedirect: [Array], beforeRequest: [Array] }
  },
  proxy: undefined
}

---------------------

=== Search users by distinct name ===

init request
replace variables in request
perform Http Request (http://localhost:8080/api/users?q=anna)
requestClient http://localhost:8080/api/users?q=anna connect
request {
  decompress: true,
  retry: 0,
  throwHttpErrors: false,
  allowGetBody: true,
  timeout: 10000,
  https: undefined,
  method: 'GET',
  headers: { Accept: '*/*', 'User-Agent': 'httpyac' },
  body: undefined,
  cookieJar: CookieJar {
    rejectPublicSuffixes: true,
    enableLooseMode: false,
    allowSpecialUseDomain: true,
    prefixSecurity: 'silent',
    store: MemoryCookieStore {
      synchronous: true,
      idx: [Object: null prototype] {}
    }
  },
  hooks: {
    beforeRedirect: [ [AsyncFunction (anonymous)] ],
    beforeRequest: [ [Function (anonymous)] ]
  }
}
event uploadProgress for HTTP {"percent":0,"transferred":0}
requestClient http://localhost:8080/api/users?q=anna disconnect

---------------------

GET {{baseUrl}}?q=anna
✖ Test failed (    at ClientRequest.<anonymous> (/Users/carla/Documents/Partyhub/api/node_modules/got/dist/source/core/index.js:970: 111) - Object.onceWrapper (node:events:631:12)
RequestError
    at ClientRequest.<anonymous> (/Users/carla/Documents/Partyhub/api/node_modules/got/dist/source/core/index.js:970:111)
    at Object.onceWrapper (node:events:631:12)
✖ Test failed (    at ClientRequest.<anonymous> (/Users/carla/Documents/Partyhub/api/node_modules/got/dist/source/core/index.js:970: 111) - Object.onceWrapper (node:events:631:12)
RequestError
    at ClientRequest.<anonymous> (/Users/carla/Documents/Partyhub/api/node_modules/got/dist/source/core/index.js:970:111)
    at Object.onceWrapper (node:events:631:12)
{
  url: 'http://localhost:8080/api/users?q=anna',
  protocol: 'HTTP',
  method: 'GET',
  headers: { Accept: '*/*', 'User-Agent': 'httpyac' },
  options: {
    cookieJar: CookieJar {
      rejectPublicSuffixes: true,
      enableLooseMode: false,
      allowSpecialUseDomain: true,
      prefixSecurity: 'silent',
      store: [MemoryCookieStore]
    },
    hooks: { beforeRedirect: [Array], beforeRequest: [Array] }
  },
  proxy: undefined
}

---------------------

=== Get user by ID ===

init request
replace variables in request
perform Http Request (http://localhost:8080/api/users/1)
requestClient http://localhost:8080/api/users/1 connect
request {
  decompress: true,
  retry: 0,
  throwHttpErrors: false,
  allowGetBody: true,
  timeout: 10000,
  https: undefined,
  method: 'GET',
  headers: { Accept: '*/*', 'User-Agent': 'httpyac' },
  body: undefined,
  cookieJar: CookieJar {
    rejectPublicSuffixes: true,
    enableLooseMode: false,
    allowSpecialUseDomain: true,
    prefixSecurity: 'silent',
    store: MemoryCookieStore {
      synchronous: true,
      idx: [Object: null prototype] {}
    }
  },
  hooks: {
    beforeRedirect: [ [AsyncFunction (anonymous)] ],
    beforeRequest: [ [Function (anonymous)] ]
  }
}
event uploadProgress for HTTP {"percent":0,"transferred":0}
requestClient http://localhost:8080/api/users/1 disconnect

---------------------

GET {{baseUrl}}/{{anna}}
✖ Test failed (    at ClientRequest.<anonymous> (/Users/carla/Documents/Partyhub/api/node_modules/got/dist/source/core/index.js:970: 111) - Object.onceWrapper (node:events:631:12)
RequestError
    at ClientRequest.<anonymous> (/Users/carla/Documents/Partyhub/api/node_modules/got/dist/source/core/index.js:970:111)
    at Object.onceWrapper (node:events:631:12)
✖ Test failed (    at ClientRequest.<anonymous> (/Users/carla/Documents/Partyhub/api/node_modules/got/dist/source/core/index.js:970: 111) - Object.onceWrapper (node:events:631:12)
RequestError
    at ClientRequest.<anonymous> (/Users/carla/Documents/Partyhub/api/node_modules/got/dist/source/core/index.js:970:111)
    at Object.onceWrapper (node:events:631:12)
{
  url: 'http://localhost:8080/api/users/1',
  protocol: 'HTTP',
  method: 'GET',
  headers: { Accept: '*/*', 'User-Agent': 'httpyac' },
  options: {
    cookieJar: CookieJar {
      rejectPublicSuffixes: true,
      enableLooseMode: false,
      allowSpecialUseDomain: true,
      prefixSecurity: 'silent',
      store: [MemoryCookieStore]
    },
    hooks: { beforeRedirect: [Array], beforeRequest: [Array] }
  },
  proxy: undefined
}

---------------------

=== Get current user by query param ===

init request
replace variables in request
perform Http Request (http://localhost:8080/api/users/me?userId=1)
requestClient http://localhost:8080/api/users/me?userId=1 connect
request {
  decompress: true,
  retry: 0,
  throwHttpErrors: false,
  allowGetBody: true,
  timeout: 10000,
  https: undefined,
  method: 'GET',
  headers: { Accept: '*/*', 'User-Agent': 'httpyac' },
  body: undefined,
  cookieJar: CookieJar {
    rejectPublicSuffixes: true,
    enableLooseMode: false,
    allowSpecialUseDomain: true,
    prefixSecurity: 'silent',
    store: MemoryCookieStore {
      synchronous: true,
      idx: [Object: null prototype] {}
    }
  },
  hooks: {
    beforeRedirect: [ [AsyncFunction (anonymous)] ],
    beforeRequest: [ [Function (anonymous)] ]
  }
}
event uploadProgress for HTTP {"percent":0,"transferred":0}
requestClient http://localhost:8080/api/users/me?userId=1 disconnect

---------------------

GET {{baseUrl}}/me?userId={{anna}}
✖ Test failed (    at ClientRequest.<anonymous> (/Users/carla/Documents/Partyhub/api/node_modules/got/dist/source/core/index.js:970: 111) - Object.onceWrapper (node:events:631:12)
RequestError
    at ClientRequest.<anonymous> (/Users/carla/Documents/Partyhub/api/node_modules/got/dist/source/core/index.js:970:111)
    at Object.onceWrapper (node:events:631:12)
✖ Test failed (    at ClientRequest.<anonymous> (/Users/carla/Documents/Partyhub/api/node_modules/got/dist/source/core/index.js:970: 111) - Object.onceWrapper (node:events:631:12)
RequestError
    at ClientRequest.<anonymous> (/Users/carla/Documents/Partyhub/api/node_modules/got/dist/source/core/index.js:970:111)
    at Object.onceWrapper (node:events:631:12)
{
  url: 'http://localhost:8080/api/users/me?userId=1',
  protocol: 'HTTP',
  method: 'GET',
  headers: { Accept: '*/*', 'User-Agent': 'httpyac' },
  options: {
    cookieJar: CookieJar {
      rejectPublicSuffixes: true,
      enableLooseMode: false,
      allowSpecialUseDomain: true,
      prefixSecurity: 'silent',
      store: [MemoryCookieStore]
    },
    hooks: { beforeRedirect: [Array], beforeRequest: [Array] }
  },
  proxy: undefined
}

---------------------

=== Current user needs query param ===

init request
replace variables in request
perform Http Request (http://localhost:8080/api/users/me)
requestClient http://localhost:8080/api/users/me connect
request {
  decompress: true,
  retry: 0,
  throwHttpErrors: false,
  allowGetBody: true,
  timeout: 10000,
  https: undefined,
  method: 'GET',
  headers: { Accept: '*/*', 'User-Agent': 'httpyac' },
  body: undefined,
  cookieJar: CookieJar {
    rejectPublicSuffixes: true,
    enableLooseMode: false,
    allowSpecialUseDomain: true,
    prefixSecurity: 'silent',
    store: MemoryCookieStore {
      synchronous: true,
      idx: [Object: null prototype] {}
    }
  },
  hooks: {
    beforeRedirect: [ [AsyncFunction (anonymous)] ],
    beforeRequest: [ [Function (anonymous)] ]
  }
}
event uploadProgress for HTTP {"percent":0,"transferred":0}
requestClient http://localhost:8080/api/users/me disconnect

---------------------

GET {{baseUrl}}/me
✖ Test failed (    at ClientRequest.<anonymous> (/Users/carla/Documents/Partyhub/api/node_modules/got/dist/source/core/index.js:970: 111) - Object.onceWrapper (node:events:631:12)
RequestError
    at ClientRequest.<anonymous> (/Users/carla/Documents/Partyhub/api/node_modules/got/dist/source/core/index.js:970:111)
    at Object.onceWrapper (node:events:631:12)
✖ Test failed (    at ClientRequest.<anonymous> (/Users/carla/Documents/Partyhub/api/node_modules/got/dist/source/core/index.js:970: 111) - Object.onceWrapper (node:events:631:12)
RequestError
    at ClientRequest.<anonymous> (/Users/carla/Documents/Partyhub/api/node_modules/got/dist/source/core/index.js:970:111)
    at Object.onceWrapper (node:events:631:12)
{
  url: 'http://localhost:8080/api/users/me',
  protocol: 'HTTP',
  method: 'GET',
  headers: { Accept: '*/*', 'User-Agent': 'httpyac' },
  options: {
    cookieJar: CookieJar {
      rejectPublicSuffixes: true,
      enableLooseMode: false,
      allowSpecialUseDomain: true,
      prefixSecurity: 'silent',
      store: [MemoryCookieStore]
    },
    hooks: { beforeRedirect: [Array], beforeRequest: [Array] }
  },
  proxy: undefined
}

---------------------

=== Follower count for Anna ===

init request
replace variables in request
perform Http Request (http://localhost:8080/api/users/1/followers/count)
requestClient http://localhost:8080/api/users/1/followers/count connect
request {
  decompress: true,
  retry: 0,
  throwHttpErrors: false,
  allowGetBody: true,
  timeout: 10000,
  https: undefined,
  method: 'GET',
  headers: { Accept: '*/*', 'User-Agent': 'httpyac' },
  body: undefined,
  cookieJar: CookieJar {
    rejectPublicSuffixes: true,
    enableLooseMode: false,
    allowSpecialUseDomain: true,
    prefixSecurity: 'silent',
    store: MemoryCookieStore {
      synchronous: true,
      idx: [Object: null prototype] {}
    }
  },
  hooks: {
    beforeRedirect: [ [AsyncFunction (anonymous)] ],
    beforeRequest: [ [Function (anonymous)] ]
  }
}
event uploadProgress for HTTP {"percent":0,"transferred":0}
requestClient http://localhost:8080/api/users/1/followers/count disconnect

---------------------

GET {{baseUrl}}/{{anna}}/followers/count
✖ Test failed (    at ClientRequest.<anonymous> (/Users/carla/Documents/Partyhub/api/node_modules/got/dist/source/core/index.js:970: 111) - Object.onceWrapper (node:events:631:12)
RequestError
    at ClientRequest.<anonymous> (/Users/carla/Documents/Partyhub/api/node_modules/got/dist/source/core/index.js:970:111)
    at Object.onceWrapper (node:events:631:12)
✖ Test failed (    at ClientRequest.<anonymous> (/Users/carla/Documents/Partyhub/api/node_modules/got/dist/source/core/index.js:970: 111) - Object.onceWrapper (node:events:631:12)
RequestError
    at ClientRequest.<anonymous> (/Users/carla/Documents/Partyhub/api/node_modules/got/dist/source/core/index.js:970:111)
    at Object.onceWrapper (node:events:631:12)
{
  url: 'http://localhost:8080/api/users/1/followers/count',
  protocol: 'HTTP',
  method: 'GET',
  headers: { Accept: '*/*', 'User-Agent': 'httpyac' },
  options: {
    cookieJar: CookieJar {
      rejectPublicSuffixes: true,
      enableLooseMode: false,
      allowSpecialUseDomain: true,
      prefixSecurity: 'silent',
      store: [MemoryCookieStore]
    },
    hooks: { beforeRedirect: [Array], beforeRequest: [Array] }
  },
  proxy: undefined
}

---------------------

=== Following count for Anna ===

init request
replace variables in request
perform Http Request (http://localhost:8080/api/users/1/following/count)
requestClient http://localhost:8080/api/users/1/following/count connect
request {
  decompress: true,
  retry: 0,
  throwHttpErrors: false,
  allowGetBody: true,
  timeout: 10000,
  https: undefined,
  method: 'GET',
  headers: { Accept: '*/*', 'User-Agent': 'httpyac' },
  body: undefined,
  cookieJar: CookieJar {
    rejectPublicSuffixes: true,
    enableLooseMode: false,
    allowSpecialUseDomain: true,
    prefixSecurity: 'silent',
    store: MemoryCookieStore {
      synchronous: true,
      idx: [Object: null prototype] {}
    }
  },
  hooks: {
    beforeRedirect: [ [AsyncFunction (anonymous)] ],
    beforeRequest: [ [Function (anonymous)] ]
  }
}
event uploadProgress for HTTP {"percent":0,"transferred":0}
requestClient http://localhost:8080/api/users/1/following/count disconnect

---------------------

GET {{baseUrl}}/{{anna}}/following/count
✖ Test failed (    at ClientRequest.<anonymous> (/Users/carla/Documents/Partyhub/api/node_modules/got/dist/source/core/index.js:970: 111) - Object.onceWrapper (node:events:631:12)
RequestError
    at ClientRequest.<anonymous> (/Users/carla/Documents/Partyhub/api/node_modules/got/dist/source/core/index.js:970:111)
    at Object.onceWrapper (node:events:631:12)
✖ Test failed (    at ClientRequest.<anonymous> (/Users/carla/Documents/Partyhub/api/node_modules/got/dist/source/core/index.js:970: 111) - Object.onceWrapper (node:events:631:12)
RequestError
    at ClientRequest.<anonymous> (/Users/carla/Documents/Partyhub/api/node_modules/got/dist/source/core/index.js:970:111)
    at Object.onceWrapper (node:events:631:12)
{
  url: 'http://localhost:8080/api/users/1/following/count',
  protocol: 'HTTP',
  method: 'GET',
  headers: { Accept: '*/*', 'User-Agent': 'httpyac' },
  options: {
    cookieJar: CookieJar {
      rejectPublicSuffixes: true,
      enableLooseMode: false,
      allowSpecialUseDomain: true,
      prefixSecurity: 'silent',
      store: [MemoryCookieStore]
    },
    hooks: { beforeRedirect: [Array], beforeRequest: [Array] }
  },
  proxy: undefined
}

---------------------

=== Followers of Anna ===

init request
replace variables in request
perform Http Request (http://localhost:8080/api/users/1/followers)
requestClient http://localhost:8080/api/users/1/followers connect
request {
  decompress: true,
  retry: 0,
  throwHttpErrors: false,
  allowGetBody: true,
  timeout: 10000,
  https: undefined,
  method: 'GET',
  headers: { Accept: '*/*', 'User-Agent': 'httpyac' },
  body: undefined,
  cookieJar: CookieJar {
    rejectPublicSuffixes: true,
    enableLooseMode: false,
    allowSpecialUseDomain: true,
    prefixSecurity: 'silent',
    store: MemoryCookieStore {
      synchronous: true,
      idx: [Object: null prototype] {}
    }
  },
  hooks: {
    beforeRedirect: [ [AsyncFunction (anonymous)] ],
    beforeRequest: [ [Function (anonymous)] ]
  }
}
event uploadProgress for HTTP {"percent":0,"transferred":0}
requestClient http://localhost:8080/api/users/1/followers disconnect

---------------------

GET {{baseUrl}}/{{anna}}/followers
✖ Test failed (    at ClientRequest.<anonymous> (/Users/carla/Documents/Partyhub/api/node_modules/got/dist/source/core/index.js:970: 111) - Object.onceWrapper (node:events:631:12)
RequestError
    at ClientRequest.<anonymous> (/Users/carla/Documents/Partyhub/api/node_modules/got/dist/source/core/index.js:970:111)
    at Object.onceWrapper (node:events:631:12)
✖ Test failed (    at ClientRequest.<anonymous> (/Users/carla/Documents/Partyhub/api/node_modules/got/dist/source/core/index.js:970: 111) - Object.onceWrapper (node:events:631:12)
RequestError
    at ClientRequest.<anonymous> (/Users/carla/Documents/Partyhub/api/node_modules/got/dist/source/core/index.js:970:111)
    at Object.onceWrapper (node:events:631:12)
{
  url: 'http://localhost:8080/api/users/1/followers',
  protocol: 'HTTP',
  method: 'GET',
  headers: { Accept: '*/*', 'User-Agent': 'httpyac' },
  options: {
    cookieJar: CookieJar {
      rejectPublicSuffixes: true,
      enableLooseMode: false,
      allowSpecialUseDomain: true,
      prefixSecurity: 'silent',
      store: [MemoryCookieStore]
    },
    hooks: { beforeRedirect: [Array], beforeRequest: [Array] }
  },
  proxy: undefined
}

---------------------

=== Following of Anna ===

init request
replace variables in request
perform Http Request (http://localhost:8080/api/users/1/following)
requestClient http://localhost:8080/api/users/1/following connect
request {
  decompress: true,
  retry: 0,
  throwHttpErrors: false,
  allowGetBody: true,
  timeout: 10000,
  https: undefined,
  method: 'GET',
  headers: { Accept: '*/*', 'User-Agent': 'httpyac' },
  body: undefined,
  cookieJar: CookieJar {
    rejectPublicSuffixes: true,
    enableLooseMode: false,
    allowSpecialUseDomain: true,
    prefixSecurity: 'silent',
    store: MemoryCookieStore {
      synchronous: true,
      idx: [Object: null prototype] {}
    }
  },
  hooks: {
    beforeRedirect: [ [AsyncFunction (anonymous)] ],
    beforeRequest: [ [Function (anonymous)] ]
  }
}
event uploadProgress for HTTP {"percent":0,"transferred":0}
requestClient http://localhost:8080/api/users/1/following disconnect

---------------------

GET {{baseUrl}}/{{anna}}/following
✖ Test failed (    at ClientRequest.<anonymous> (/Users/carla/Documents/Partyhub/api/node_modules/got/dist/source/core/index.js:970: 111) - Object.onceWrapper (node:events:631:12)
RequestError
    at ClientRequest.<anonymous> (/Users/carla/Documents/Partyhub/api/node_modules/got/dist/source/core/index.js:970:111)
    at Object.onceWrapper (node:events:631:12)
✖ Test failed (    at ClientRequest.<anonymous> (/Users/carla/Documents/Partyhub/api/node_modules/got/dist/source/core/index.js:970: 111) - Object.onceWrapper (node:events:631:12)
RequestError
    at ClientRequest.<anonymous> (/Users/carla/Documents/Partyhub/api/node_modules/got/dist/source/core/index.js:970:111)
    at Object.onceWrapper (node:events:631:12)
{
  url: 'http://localhost:8080/api/users/1/following',
  protocol: 'HTTP',
  method: 'GET',
  headers: { Accept: '*/*', 'User-Agent': 'httpyac' },
  options: {
    cookieJar: CookieJar {
      rejectPublicSuffixes: true,
      enableLooseMode: false,
      allowSpecialUseDomain: true,
      prefixSecurity: 'silent',
      store: [MemoryCookieStore]
    },
    hooks: { beforeRedirect: [Array], beforeRequest: [Array] }
  },
  proxy: undefined
}

---------------------

=== Pending follow requests for Thomas ===

init request
replace variables in request
perform Http Request (http://localhost:8080/api/users/4/follow-requests)
requestClient http://localhost:8080/api/users/4/follow-requests connect
request {
  decompress: true,
  retry: 0,
  throwHttpErrors: false,
  allowGetBody: true,
  timeout: 10000,
  https: undefined,
  method: 'GET',
  headers: { Accept: '*/*', 'User-Agent': 'httpyac' },
  body: undefined,
  cookieJar: CookieJar {
    rejectPublicSuffixes: true,
    enableLooseMode: false,
    allowSpecialUseDomain: true,
    prefixSecurity: 'silent',
    store: MemoryCookieStore {
      synchronous: true,
      idx: [Object: null prototype] {}
    }
  },
  hooks: {
    beforeRedirect: [ [AsyncFunction (anonymous)] ],
    beforeRequest: [ [Function (anonymous)] ]
  }
}
event uploadProgress for HTTP {"percent":0,"transferred":0}
requestClient http://localhost:8080/api/users/4/follow-requests disconnect

---------------------

GET {{baseUrl}}/4/follow-requests
✖ Test failed (    at ClientRequest.<anonymous> (/Users/carla/Documents/Partyhub/api/node_modules/got/dist/source/core/index.js:970: 111) - Object.onceWrapper (node:events:631:12)
RequestError
    at ClientRequest.<anonymous> (/Users/carla/Documents/Partyhub/api/node_modules/got/dist/source/core/index.js:970:111)
    at Object.onceWrapper (node:events:631:12)
✖ Test failed (    at ClientRequest.<anonymous> (/Users/carla/Documents/Partyhub/api/node_modules/got/dist/source/core/index.js:970: 111) - Object.onceWrapper (node:events:631:12)
RequestError
    at ClientRequest.<anonymous> (/Users/carla/Documents/Partyhub/api/node_modules/got/dist/source/core/index.js:970:111)
    at Object.onceWrapper (node:events:631:12)
{
  url: 'http://localhost:8080/api/users/4/follow-requests',
  protocol: 'HTTP',
  method: 'GET',
  headers: { Accept: '*/*', 'User-Agent': 'httpyac' },
  options: {
    cookieJar: CookieJar {
      rejectPublicSuffixes: true,
      enableLooseMode: false,
      allowSpecialUseDomain: true,
      prefixSecurity: 'silent',
      store: [MemoryCookieStore]
    },
    hooks: { beforeRedirect: [Array], beforeRequest: [Array] }
  },
  proxy: undefined
}

---------------------

=== Follow status: Anna follows Michael in import.sql ===

init request
replace variables in request
perform Http Request (http://localhost:8080/api/users/1/followers/2/status)
requestClient http://localhost:8080/api/users/1/followers/2/status connect
request {
  decompress: true,
  retry: 0,
  throwHttpErrors: false,
  allowGetBody: true,
  timeout: 10000,
  https: undefined,
  method: 'GET',
  headers: { Accept: '*/*', 'User-Agent': 'httpyac' },
  body: undefined,
  cookieJar: CookieJar {
    rejectPublicSuffixes: true,
    enableLooseMode: false,
    allowSpecialUseDomain: true,
    prefixSecurity: 'silent',
    store: MemoryCookieStore {
      synchronous: true,
      idx: [Object: null prototype] {}
    }
  },
  hooks: {
    beforeRedirect: [ [AsyncFunction (anonymous)] ],
    beforeRequest: [ [Function (anonymous)] ]
  }
}
event uploadProgress for HTTP {"percent":0,"transferred":0}
requestClient http://localhost:8080/api/users/1/followers/2/status disconnect

---------------------

GET {{baseUrl}}/{{anna}}/followers/{{michael}}/status
✖ Test failed (    at ClientRequest.<anonymous> (/Users/carla/Documents/Partyhub/api/node_modules/got/dist/source/core/index.js:970: 111) - Object.onceWrapper (node:events:631:12)
RequestError
    at ClientRequest.<anonymous> (/Users/carla/Documents/Partyhub/api/node_modules/got/dist/source/core/index.js:970:111)
    at Object.onceWrapper (node:events:631:12)
✖ Test failed (    at ClientRequest.<anonymous> (/Users/carla/Documents/Partyhub/api/node_modules/got/dist/source/core/index.js:970: 111) - Object.onceWrapper (node:events:631:12)
RequestError
    at ClientRequest.<anonymous> (/Users/carla/Documents/Partyhub/api/node_modules/got/dist/source/core/index.js:970:111)
    at Object.onceWrapper (node:events:631:12)
{
  url: 'http://localhost:8080/api/users/1/followers/2/status',
  protocol: 'HTTP',
  method: 'GET',
  headers: { Accept: '*/*', 'User-Agent': 'httpyac' },
  options: {
    cookieJar: CookieJar {
      rejectPublicSuffixes: true,
      enableLooseMode: false,
      allowSpecialUseDomain: true,
      prefixSecurity: 'silent',
      store: [MemoryCookieStore]
    },
    hooks: { beforeRedirect: [Array], beforeRequest: [Array] }
  },
  proxy: undefined
}

---------------------

=== Get user location from import.sql ===

init request
replace variables in request
perform Http Request (http://localhost:8080/api/users/location/1)
requestClient http://localhost:8080/api/users/location/1 connect
request {
  decompress: true,
  retry: 0,
  throwHttpErrors: false,
  allowGetBody: true,
  timeout: 10000,
  https: undefined,
  method: 'GET',
  headers: { Accept: '*/*', 'User-Agent': 'httpyac' },
  body: undefined,
  cookieJar: CookieJar {
    rejectPublicSuffixes: true,
    enableLooseMode: false,
    allowSpecialUseDomain: true,
    prefixSecurity: 'silent',
    store: MemoryCookieStore {
      synchronous: true,
      idx: [Object: null prototype] {}
    }
  },
  hooks: {
    beforeRedirect: [ [AsyncFunction (anonymous)] ],
    beforeRequest: [ [Function (anonymous)] ]
  }
}
event uploadProgress for HTTP {"percent":0,"transferred":0}
requestClient http://localhost:8080/api/users/location/1 disconnect

---------------------

GET {{baseUrl}}/location/{{anna}}
✖ Test failed (    at ClientRequest.<anonymous> (/Users/carla/Documents/Partyhub/api/node_modules/got/dist/source/core/index.js:970: 111) - Object.onceWrapper (node:events:631:12)
RequestError
    at ClientRequest.<anonymous> (/Users/carla/Documents/Partyhub/api/node_modules/got/dist/source/core/index.js:970:111)
    at Object.onceWrapper (node:events:631:12)
✖ Test failed (    at ClientRequest.<anonymous> (/Users/carla/Documents/Partyhub/api/node_modules/got/dist/source/core/index.js:970: 111) - Object.onceWrapper (node:events:631:12)
RequestError
    at ClientRequest.<anonymous> (/Users/carla/Documents/Partyhub/api/node_modules/got/dist/source/core/index.js:970:111)
    at Object.onceWrapper (node:events:631:12)
{
  url: 'http://localhost:8080/api/users/location/1',
  protocol: 'HTTP',
  method: 'GET',
  headers: { Accept: '*/*', 'User-Agent': 'httpyac' },
  options: {
    cookieJar: CookieJar {
      rejectPublicSuffixes: true,
      enableLooseMode: false,
      allowSpecialUseDomain: true,
      prefixSecurity: 'silent',
      store: [MemoryCookieStore]
    },
    hooks: { beforeRedirect: [Array], beforeRequest: [Array] }
  },
  proxy: undefined
}

---------------------

=== Profile picture binary/default image ===

init request
replace variables in request
perform Http Request (http://localhost:8080/api/users/1/profile-picture)
requestClient http://localhost:8080/api/users/1/profile-picture connect
request {
  decompress: true,
  retry: 0,
  throwHttpErrors: false,
  allowGetBody: true,
  timeout: 10000,
  https: undefined,
  method: 'GET',
  headers: { Accept: '*/*', 'User-Agent': 'httpyac' },
  body: undefined,
  cookieJar: CookieJar {
    rejectPublicSuffixes: true,
    enableLooseMode: false,
    allowSpecialUseDomain: true,
    prefixSecurity: 'silent',
    store: MemoryCookieStore {
      synchronous: true,
      idx: [Object: null prototype] {}
    }
  },
  hooks: {
    beforeRedirect: [ [AsyncFunction (anonymous)] ],
    beforeRequest: [ [Function (anonymous)] ]
  }
}
event uploadProgress for HTTP {"percent":0,"transferred":0}
requestClient http://localhost:8080/api/users/1/profile-picture disconnect

---------------------

GET {{baseUrl}}/{{anna}}/profile-picture
✖ Test failed (    at ClientRequest.<anonymous> (/Users/carla/Documents/Partyhub/api/node_modules/got/dist/source/core/index.js:970: 111) - Object.onceWrapper (node:events:631:12)
RequestError
    at ClientRequest.<anonymous> (/Users/carla/Documents/Partyhub/api/node_modules/got/dist/source/core/index.js:970:111)
    at Object.onceWrapper (node:events:631:12)
✖ Test failed (    at ClientRequest.<anonymous> (/Users/carla/Documents/Partyhub/api/node_modules/got/dist/source/core/index.js:970: 111) - Object.onceWrapper (node:events:631:12)
RequestError
    at ClientRequest.<anonymous> (/Users/carla/Documents/Partyhub/api/node_modules/got/dist/source/core/index.js:970:111)
    at Object.onceWrapper (node:events:631:12)
{
  url: 'http://localhost:8080/api/users/1/profile-picture',
  protocol: 'HTTP',
  method: 'GET',
  headers: { Accept: '*/*', 'User-Agent': 'httpyac' },
  options: {
    cookieJar: CookieJar {
      rejectPublicSuffixes: true,
      enableLooseMode: false,
      allowSpecialUseDomain: true,
      prefixSecurity: 'silent',
      store: [MemoryCookieStore]
    },
    hooks: { beforeRedirect: [Array], beforeRequest: [Array] }
  },
  proxy: undefined
}

---------------------

=== Profile picture filename ===

init request
replace variables in request
perform Http Request (http://localhost:8080/api/users/1/profile-picture-filename)
requestClient http://localhost:8080/api/users/1/profile-picture-filename connect
request {
  decompress: true,
  retry: 0,
  throwHttpErrors: false,
  allowGetBody: true,
  timeout: 10000,
  https: undefined,
  method: 'GET',
  headers: { Accept: '*/*', 'User-Agent': 'httpyac' },
  body: undefined,
  cookieJar: CookieJar {
    rejectPublicSuffixes: true,
    enableLooseMode: false,
    allowSpecialUseDomain: true,
    prefixSecurity: 'silent',
    store: MemoryCookieStore {
      synchronous: true,
      idx: [Object: null prototype] {}
    }
  },
  hooks: {
    beforeRedirect: [ [AsyncFunction (anonymous)] ],
    beforeRequest: [ [Function (anonymous)] ]
  }
}
event uploadProgress for HTTP {"percent":0,"transferred":0}
requestClient http://localhost:8080/api/users/1/profile-picture-filename disconnect

---------------------

GET {{baseUrl}}/{{anna}}/profile-picture-filename
✖ Test failed (    at ClientRequest.<anonymous> (/Users/carla/Documents/Partyhub/api/node_modules/got/dist/source/core/index.js:970: 111) - Object.onceWrapper (node:events:631:12)
RequestError
    at ClientRequest.<anonymous> (/Users/carla/Documents/Partyhub/api/node_modules/got/dist/source/core/index.js:970:111)
    at Object.onceWrapper (node:events:631:12)
✖ Test failed (    at ClientRequest.<anonymous> (/Users/carla/Documents/Partyhub/api/node_modules/got/dist/source/core/index.js:970: 111) - Object.onceWrapper (node:events:631:12)
RequestError
    at ClientRequest.<anonymous> (/Users/carla/Documents/Partyhub/api/node_modules/got/dist/source/core/index.js:970:111)
    at Object.onceWrapper (node:events:631:12)
{
  url: 'http://localhost:8080/api/users/1/profile-picture-filename',
  protocol: 'HTTP',
  method: 'GET',
  headers: { Accept: '*/*', 'User-Agent': 'httpyac' },
  options: {
    cookieJar: CookieJar {
      rejectPublicSuffixes: true,
      enableLooseMode: false,
      allowSpecialUseDomain: true,
      prefixSecurity: 'silent',
      store: [MemoryCookieStore]
    },
    hooks: { beforeRedirect: [Array], beforeRequest: [Array] }
  },
  proxy: undefined
}

---------------------

=== User media ===

init request
replace variables in request
perform Http Request (http://localhost:8080/api/users/1/media)
requestClient http://localhost:8080/api/users/1/media connect
request {
  decompress: true,
  retry: 0,
  throwHttpErrors: false,
  allowGetBody: true,
  timeout: 10000,
  https: undefined,
  method: 'GET',
  headers: { Accept: '*/*', 'User-Agent': 'httpyac' },
  body: undefined,
  cookieJar: CookieJar {
    rejectPublicSuffixes: true,
    enableLooseMode: false,
    allowSpecialUseDomain: true,
    prefixSecurity: 'silent',
    store: MemoryCookieStore {
      synchronous: true,
      idx: [Object: null prototype] {}
    }
  },
  hooks: {
    beforeRedirect: [ [AsyncFunction (anonymous)] ],
    beforeRequest: [ [Function (anonymous)] ]
  }
}
event uploadProgress for HTTP {"percent":0,"transferred":0}
requestClient http://localhost:8080/api/users/1/media disconnect

---------------------

GET {{baseUrl}}/{{anna}}/media
✖ Test failed (    at ClientRequest.<anonymous> (/Users/carla/Documents/Partyhub/api/node_modules/got/dist/source/core/index.js:970: 111) - Object.onceWrapper (node:events:631:12)
RequestError
    at ClientRequest.<anonymous> (/Users/carla/Documents/Partyhub/api/node_modules/got/dist/source/core/index.js:970:111)
    at Object.onceWrapper (node:events:631:12)
✖ Test failed (    at ClientRequest.<anonymous> (/Users/carla/Documents/Partyhub/api/node_modules/got/dist/source/core/index.js:970: 111) - Object.onceWrapper (node:events:631:12)
RequestError
    at ClientRequest.<anonymous> (/Users/carla/Documents/Partyhub/api/node_modules/got/dist/source/core/index.js:970:111)
    at Object.onceWrapper (node:events:631:12)
{
  url: 'http://localhost:8080/api/users/1/media',
  protocol: 'HTTP',
  method: 'GET',
  headers: { Accept: '*/*', 'User-Agent': 'httpyac' },
  options: {
    cookieJar: CookieJar {
      rejectPublicSuffixes: true,
      enableLooseMode: false,
      allowSpecialUseDomain: true,
      prefixSecurity: 'silent',
      store: [MemoryCookieStore]
    },
    hooks: { beforeRedirect: [Array], beforeRequest: [Array] }
  },
  proxy: undefined
}

134 requests processed (67 succeeded, 67 errored)
